# clang-tidy naming baseline (file<TAB>kind<TAB>identifier).
# Shrink by fixing names; regenerate with
#   python3 dev/check_clang_tidy.py --flags ... --update-baseline
# Never grow this file to silence a new finding.
src/Rodin/Assembly/OpenMP.h	local variable	fe_u
src/Rodin/Assembly/OpenMP.h	local variable	fe_v
src/Rodin/Assembly/OpenMP.h	local variable	fes_u
src/Rodin/Assembly/OpenMP.h	local variable	fes_v
src/Rodin/Assembly/OpenMP.h	local variable	sparse_entry
src/Rodin/Assembly/OpenMP.h	local variable	vector_entry
src/Rodin/Assembly/Sequential.h	local variable	fe_u
src/Rodin/Assembly/Sequential.h	local variable	fe_v
src/Rodin/Assembly/Sequential.h	local variable	fes_u
src/Rodin/Assembly/Sequential.h	local variable	fes_v
src/Rodin/Assembly/Sequential.h	local variable	matrix_entry
src/Rodin/Assembly/Sequential.h	local variable	vector_entry
src/Rodin/FormLanguage/List.h	type alias	internal_const_iterator
src/Rodin/FormLanguage/List.h	type alias	internal_iterator
src/Rodin/Geometry/AttributeIndex.h	local variable	lock_other
src/Rodin/Geometry/AttributeIndex.h	local variable	lock_this
src/Rodin/Geometry/AttributeIndex.h	local variable	other_lock
src/Rodin/Geometry/AttributeIndex.h	local variable	this_lock
src/Rodin/Geometry/Connectivity.h	local variable	left_keys
src/Rodin/Geometry/Point.h	template parameter	p
src/Rodin/IO/MEDIT.h	local variable	evalP1_on_pyramid
src/Rodin/IO/MEDIT.h	local variable	evalP1_on_segment
src/Rodin/IO/MEDIT.h	local variable	evalP1_on_tet
src/Rodin/IO/MEDIT.h	local variable	evalP1_on_triangle
src/Rodin/IO/MEDIT.h	local variable	evalP1_on_wedge
src/Rodin/IO/MEDIT.h	local variable	evalQ1_on_quad
src/Rodin/IO/MEDIT.h	local variable	get_attribute
src/Rodin/IO/MEDIT.h	local variable	get_dimension
src/Rodin/IO/MEDIT.h	local variable	get_integer
src/Rodin/IO/MEDIT.h	local variable	get_keyword
src/Rodin/IO/MEDIT.h	local variable	get_sol_count
src/Rodin/IO/MEDIT.h	local variable	get_solution_type
src/Rodin/IO/MEDIT.h	local variable	get_unsigned_integer
src/Rodin/IO/MEDIT.h	local variable	get_version
src/Rodin/IO/MEDIT.h	local variable	get_vertex
src/Rodin/IO/MEDIT.h	local variable	get_x
src/Rodin/IO/MEDIT.h	local variable	one_x
src/Rodin/IO/MEDIT.h	local variable	one_y
src/Rodin/IO/MEDIT.h	local variable	one_z
src/Rodin/IO/MEDIT.h	local variable	u_val
src/Rodin/IO/MEDIT.h	local variable	u_vert
src/Rodin/IO/MFEM.h	enum constant	boundary
src/Rodin/IO/MFEM.h	enum constant	dimension
src/Rodin/IO/MFEM.h	enum constant	elements
src/Rodin/IO/MFEM.h	enum constant	vertices
src/Rodin/IO/MFEM.h	local variable	C_real
src/Rodin/IO/MFEM.h	local variable	Cinv_real
src/Rodin/IO/MFEM.h	local variable	V_mfem
src/Rodin/IO/MFEM.h	local variable	V_rodInv
src/Rodin/IO/MFEM.h	local variable	emit_scalar_dof
src/Rodin/IO/MFEM.h	local variable	get_attribute
src/Rodin/IO/MFEM.h	local variable	get_double
src/Rodin/IO/MFEM.h	local variable	get_fec
src/Rodin/IO/MFEM.h	local variable	get_geometry
src/Rodin/IO/MFEM.h	local variable	get_keyword
src/Rodin/IO/MFEM.h	local variable	get_major_version
src/Rodin/IO/MFEM.h	local variable	get_minor_version
src/Rodin/IO/MFEM.h	local variable	get_ordering
src/Rodin/IO/MFEM.h	local variable	get_unsigned_integer
src/Rodin/IO/MFEM.h	local variable	get_vdim
src/Rodin/IO/MFEM.h	local variable	get_vertex
src/Rodin/IO/MFEM.h	local variable	mfem_block
src/Rodin/IO/MFEM.h	local variable	mfem_values
src/Rodin/IO/MFEM.h	local variable	mode_idx
src/Rodin/IO/MFEM.h	local variable	node_idx
src/Rodin/IO/MFEM.h	local variable	s_tet_change_scalar
src/Rodin/IO/MFEM.h	local variable	s_tet_inv_change_scalar
src/Rodin/IO/MFEM.h	local variable	s_tri_change_scalar
src/Rodin/IO/MFEM.h	local variable	s_tri_inv_change_scalar
src/Rodin/IO/MFEM.h	local variable	s_wedge_change_scalar
src/Rodin/IO/MFEM.h	local variable	s_wedge_inv_change_scalar
src/Rodin/IO/MFEM.h	local variable	scalar_dof
src/Rodin/IO/MFEM.h	local variable	scalar_local_dof
src/Rodin/IO/MFEM.h	local variable	scalar_local_size
src/Rodin/IO/MFEM.h	local variable	set_scalar_dof_from_pos
src/Rodin/IO/MFEM.h	local variable	temp_uM
src/Rodin/IO/MFEM.h	local variable	temp_uR
src/Rodin/IO/MFEM.h	local variable	to_scalar_dof
src/Rodin/IO/MFEM.h	local variable	uM_by_comp
src/Rodin/IO/MFEM.h	local variable	uM_elem
src/Rodin/IO/MFEM.h	local variable	uM_face
src/Rodin/IO/MFEM.h	local variable	uM_wedge
src/Rodin/IO/MFEM.h	local variable	uR_by_comp
src/Rodin/IO/MFEM.h	local variable	uR_elem
src/Rodin/IO/MFEM.h	local variable	uR_face
src/Rodin/IO/MFEM.h	local variable	uR_wedge
src/Rodin/IO/MFEM.h	parameter	p_idx
src/Rodin/IO/MFEM.h	parameter	q_idx
src/Rodin/IO/MFEM.h	parameter	r_idx
src/Rodin/IO/MFEM.h	parameter	rodin_dof
src/Rodin/IO/MFEM.h	parameter	scalar_dof
src/Rodin/Math/RootFinding/NewtonRaphson.h	local variable	g_prev
src/Rodin/Math/RootFinding/NewtonRaphson.h	local variable	gp_tol
src/Rodin/Math/RootFinding/NewtonRaphson.h	local variable	have_prev
src/Rodin/Math/RootFinding/NewtonRaphson.h	local variable	t_new
src/Rodin/Math/RootFinding/NewtonRaphson.h	local variable	t_prev
src/Rodin/Math/RootFinding/NewtonRaphson.h	parameter	abs_g_tol
src/Rodin/Math/RootFinding/NewtonRaphson.h	parameter	abs_t_tol
src/Rodin/Math/RootFinding/NewtonRaphson.h	parameter	max_iter
src/Rodin/Math/RootFinding/NewtonRaphson.h	parameter	rel_t_tol
src/Rodin/Math/RootFinding/NewtonRaphson.h	private member	m_abs_g_tol
src/Rodin/Math/RootFinding/NewtonRaphson.h	private member	m_abs_t_tol
src/Rodin/Math/RootFinding/NewtonRaphson.h	private member	m_max_iter
src/Rodin/Math/RootFinding/NewtonRaphson.h	private member	m_rel_t_tol
src/Rodin/Math/SpatialMatrix.h	local variable	AAt_inv
src/Rodin/Math/SpatialMatrix.h	local variable	A_T
src/Rodin/Math/SpatialMatrix.h	local variable	AtA_inv
src/Rodin/QF/GaussLegendre.h	function	build_hex
src/Rodin/QF/GaussLegendre.h	function	build_point
src/Rodin/QF/GaussLegendre.h	function	build_pyramid
src/Rodin/QF/GaussLegendre.h	function	build_quad
src/Rodin/QF/GaussLegendre.h	function	build_segment
src/Rodin/QF/GaussLegendre.h	function	build_tet
src/Rodin/QF/GaussLegendre.h	function	build_tri
src/Rodin/QF/GaussLegendre.h	function	build_wedge
src/Rodin/QF/GaussLegendre.h	function	gl_1d_unit
src/Rodin/QF/GaussLobatto.h	function	build_hex
src/Rodin/QF/GaussLobatto.h	function	build_point
src/Rodin/QF/GaussLobatto.h	function	build_pyramid
src/Rodin/QF/GaussLobatto.h	function	build_quad
src/Rodin/QF/GaussLobatto.h	function	build_segment
src/Rodin/QF/GaussLobatto.h	function	build_tet
src/Rodin/QF/GaussLobatto.h	function	build_tri
src/Rodin/QF/GaussLobatto.h	function	build_wedge
src/Rodin/QF/GaussLobatto.h	function	gll_1d_unit
src/Rodin/QF/GaussLobatto.h	local variable	xk_eps
src/Rodin/Solid/Constitutive/ActiveContraction.h	local variable	ec_n
src/Rodin/Solid/Linear/LinearElasticityIntegral.h	local variable	basis_i
src/Rodin/Solid/Linear/LinearElasticityIntegral.h	local variable	basis_j
src/Rodin/Solid/Linear/LinearElasticityIntegral.h	local variable	div_i
src/Rodin/Solid/Linear/LinearElasticityIntegral.h	local variable	div_j
src/Rodin/Solid/Linear/LinearElasticityIntegral.h	local variable	jac_i
src/Rodin/Solid/Linear/LinearElasticityIntegral.h	local variable	jac_j
src/Rodin/Solid/Linear/LinearElasticityIntegral.h	local variable	sym_i
src/Rodin/Solid/Linear/LinearElasticityIntegral.h	local variable	sym_j
src/Rodin/Solid/Linear/P1/LinearElasticityIntegral.h	local variable	basis_i
src/Rodin/Solid/Linear/P1/LinearElasticityIntegral.h	local variable	basis_j
src/Rodin/Solid/Linear/P1/LinearElasticityIntegral.h	local variable	div_i
src/Rodin/Solid/Linear/P1/LinearElasticityIntegral.h	local variable	div_j
src/Rodin/Solid/Linear/P1/LinearElasticityIntegral.h	local variable	jac_i
src/Rodin/Solid/Linear/P1/LinearElasticityIntegral.h	local variable	jac_j
src/Rodin/Solid/Linear/P1/LinearElasticityIntegral.h	local variable	sym_i
src/Rodin/Solid/Linear/P1/LinearElasticityIntegral.h	local variable	sym_j
src/Rodin/Utility/DependentValue.h	template parameter	Value_
src/Rodin/Variational/BoundaryNormal.h	local variable	rc_cell
src/Rodin/Variational/Flow.h	local variable	c_u
src/Rodin/Variational/Flow.h	local variable	n_u
src/Rodin/Variational/Flow.h	local variable	s_cell
src/Rodin/Variational/Flow.h	local variable	s_pc
src/Rodin/Variational/Flow.h	local variable	s_rEval
src/Rodin/Variational/Flow.h	local variable	s_rIn
src/Rodin/Variational/Flow.h	local variable	s_rc
src/Rodin/Variational/Flow.h	local variable	s_rc1
src/Rodin/Variational/Flow.h	local variable	s_rcTmp
src/Rodin/Variational/Flow.h	local variable	s_x
src/Rodin/Variational/Flow.h	local variable	s_xFace
src/Rodin/Variational/Flow.h	local variable	s_xIn
src/Rodin/Variational/H1/Div.h	local variable	grad_phys
src/Rodin/Variational/H1/Div.h	local variable	u_a
src/Rodin/Variational/H1/Div.h	public member	div_phys
src/Rodin/Variational/H1/Dubiner.h	local variable	P_a
src/Rodin/Variational/H1/Dubiner.h	local variable	P_b
src/Rodin/Variational/H1/Dubiner.h	local variable	P_c
src/Rodin/Variational/H1/Dubiner.h	local variable	_unused
src/Rodin/Variational/H1/Dubiner.h	local variable	dP_a
src/Rodin/Variational/H1/Dubiner.h	local variable	dP_b
src/Rodin/Variational/H1/Dubiner.h	local variable	dP_c
src/Rodin/Variational/H1/Dubiner.h	local variable	dscale_b_db
src/Rodin/Variational/H1/Dubiner.h	local variable	dscale_c_dc
src/Rodin/Variational/H1/Dubiner.h	local variable	mode_idx
src/Rodin/Variational/H1/Dubiner.h	local variable	node_idx
src/Rodin/Variational/H1/Dubiner.h	local variable	one_minus_yz
src/Rodin/Variational/H1/Dubiner.h	local variable	one_minus_z
src/Rodin/Variational/H1/Dubiner.h	local variable	scale_b
src/Rodin/Variational/H1/Dubiner.h	local variable	scale_c
src/Rodin/Variational/H1/Dubiner.h	parameter	p_idx
src/Rodin/Variational/H1/Dubiner.h	parameter	q_idx
src/Rodin/Variational/H1/Dubiner.h	parameter	r_idx
src/Rodin/Variational/H1/GLL.h	function	constexpr_cos
src/Rodin/Variational/H1/GLL.h	local variable	one_minus_x2
src/Rodin/Variational/H1/Grad.h	public member	grad_phys
src/Rodin/Variational/H1/H1.hpp	constexpr variable	j_edge
src/Rodin/Variational/H1/H1.hpp	constexpr variable	m_tail
src/Rodin/Variational/H1/H1.hpp	constexpr variable	offset_j
src/Rodin/Variational/H1/H1.hpp	constexpr variable	offset_k
src/Rodin/Variational/H1/H1.hpp	constexpr variable	r_on_edge
src/Rodin/Variational/H1/H1.hpp	constexpr variable	rowStart_j
src/Rodin/Variational/H1/H1.hpp	local variable	b_t
src/Rodin/Variational/H1/H1.hpp	local variable	c_t
src/Rodin/Variational/H1/H1.hpp	local variable	i_loc
src/Rodin/Variational/H1/H1.hpp	local variable	j_loc
src/Rodin/Variational/H1/H1Element.hpp	local variable	dphi_row
src/Rodin/Variational/H1/H1Element.hpp	local variable	i_idx
src/Rodin/Variational/H1/H1Element.hpp	local variable	j_idx
src/Rodin/Variational/H1/H1Element.hpp	local variable	mode_idx
src/Rodin/Variational/H1/H1Element.hpp	local variable	seg_val
src/Rodin/Variational/H1/H1Element.hpp	local variable	tri_deriv
src/Rodin/Variational/H1/H1Element.hpp	local variable	tri_val
src/Rodin/Variational/H1/H1Element.hpp	parameter	p_idx
src/Rodin/Variational/H1/H1Element.hpp	parameter	q_idx
src/Rodin/Variational/H1/H1Element.hpp	parameter	r_idx
src/Rodin/Variational/H1/JacobiPolynomial.h	local variable	a_ab
src/Rodin/Variational/H1/JacobiPolynomial.h	local variable	two_n
src/Rodin/Variational/H1/Jacobian.h	public member	grad_phys
src/Rodin/Variational/H1/LagrangeBasis.h	local variable	L_n
src/Rodin/Variational/H1/LagrangeBasis.h	local variable	dL_n
src/Rodin/Variational/H1/LagrangeBasis.h	local variable	seg_nodes
src/Rodin/Variational/H1/LagrangeBasis.h	local variable	seg_val
src/Rodin/Variational/H1/LagrangeBasis.h	local variable	tri_deriv
src/Rodin/Variational/H1/LagrangeBasis.h	local variable	tri_indices
src/Rodin/Variational/H1/LagrangeBasis.h	local variable	tri_val
src/Rodin/Variational/H1/LegendrePolynomial.h	local variable	inv_kp1
src/Rodin/Variational/H1/LegendrePolynomial.h	local variable	two_k_plus_one
src/Rodin/Variational/H1/QuadratureRule.h	local variable	AGtr_a
src/Rodin/Variational/H1/QuadratureRule.h	local variable	basis_prod
src/Rodin/Variational/H1/QuadratureRule.h	local variable	c_comp
src/Rodin/Variational/H1/QuadratureRule.h	local variable	d_comp
src/Rodin/Variational/H1/QuadratureRule.h	local variable	grad_dot
src/Rodin/Variational/H1/QuadratureRule.h	local variable	recompute_qf
src/Rodin/Variational/H1/QuadratureRule.h	local variable	vdim_tr
src/Rodin/Variational/H1/ShapeFunction.h	local variable	fe_scalar
src/Rodin/Variational/H1/ShapeFunction.h	local variable	ndof_scalar
src/Rodin/Variational/H1/WarpBlend.h	constexpr variable	INV_SQRT3
src/Rodin/Variational/H1/WarpBlend.h	function	set_from_bary
src/Rodin/Variational/H1/WarpBlend.h	local variable	La_new
src/Rodin/Variational/H1/WarpBlend.h	local variable	Lb_new
src/Rodin/Variational/H1/WarpBlend.h	local variable	Lc_new
src/Rodin/Variational/H1/WarpBlend.h	local variable	i_edge
src/Rodin/Variational/H1/WarpBlend.h	local variable	i_zero
src/Rodin/Variational/H1/WarpBlend.h	local variable	idx_edge
src/Rodin/Variational/H1/WarpBlend.h	local variable	is_v1
src/Rodin/Variational/H1/WarpBlend.h	local variable	is_v2
src/Rodin/Variational/H1/WarpBlend.h	local variable	is_v3
src/Rodin/Variational/H1/WarpBlend.h	local variable	j_edge
src/Rodin/Variational/H1/WarpBlend.h	local variable	on_e12
src/Rodin/Variational/H1/WarpBlend.h	local variable	on_e23
src/Rodin/Variational/H1/WarpBlend.h	local variable	on_e31
src/Rodin/Variational/P0/P0.h	constexpr variable	s_element
src/Rodin/Variational/P0/P0.h	constexpr variable	s_null
src/Rodin/Variational/P1/Div.h	local variable	cell_changed
src/Rodin/Variational/P1/Div.h	local variable	fe_scalar
src/Rodin/Variational/P1/Div.h	local variable	gphys_c
src/Rodin/Variational/P1/Div.h	local variable	gphys_j
src/Rodin/Variational/P1/Div.h	local variable	needs_qp
src/Rodin/Variational/P1/Div.h	local variable	qp_changed
src/Rodin/Variational/P1/Grad.h	local variable	cell_changed
src/Rodin/Variational/P1/Grad.h	local variable	needs_qp
src/Rodin/Variational/P1/Grad.h	local variable	qp_changed
src/Rodin/Variational/P1/Grad.h	local variable	tensor_ref
src/Rodin/Variational/P1/Jacobian.h	local variable	cell_changed
src/Rodin/Variational/P1/Jacobian.h	local variable	fe_scalar
src/Rodin/Variational/P1/Jacobian.h	local variable	needs_qp
src/Rodin/Variational/P1/Jacobian.h	local variable	qp_changed
src/Rodin/Variational/P1/P1.h	constexpr variable	s_element
src/Rodin/Variational/P1/P1.h	constexpr variable	s_null
src/Rodin/Variational/P1/ShapeFunction.h	local variable	fe_scalar
src/Rodin/Variational/P1/ShapeFunction.h	local variable	structure_changed
src/Rodin/Variational/P1/ShapeFunction.h	local variable	value_changed
