# Doxygen warning baseline for the ratchet check.
# doxygen 1.14.0
# Entries are line-number-agnostic (file: warning text) so
# unrelated edits do not shift warnings into 'new' status.
# Shrink by fixing warnings, regenerate with
#   python3 dev/check_doxygen_warnings.py --update-baseline
# Never grow this file to silence a new warning.
doc/Guides/InterfacesDG.dox: warning: unable to resolve reference to 'Rodin::Variational::BoundaryNormal' for \ref command
doc/Guides/InterfacesDG.dox: warning: unable to resolve reference to 'Rodin::Variational::FaceNormal' for \ref command
doc/Namespaces.dox: warning: No matching directory found for command \dir Rodin/Elasticity/
doc/Namespaces.dox: warning: No matching directory found for command \dir Rodin/Location/
doc/Namespaces.dox: warning: No matching directory found for command \dir Rodin/Plot/
doc/Namespaces.dox: warning: No matching directory found for command \dir Rodin/Plot/Artist/
doc/Namespaces.dox: warning: No matching directory found for command \dir Rodin/Plot/Artist/Axes/
doc/Namespaces.dox: warning: No matching directory found for command \dir Rodin/Plot/Artist/Axis/
doc/Namespaces.dox: warning: No matching directory found for command \dir Rodin/Plot/Artist/Lines/
doc/Namespaces.dox: warning: No matching directory found for command \dir Rodin/Plot/Backend/
doc/Namespaces.dox: warning: No matching directory found for command \dir Rodin/Plot/Backend/Bases/
doc/Namespaces.dox: warning: No matching directory found for command \dir Rodin/Plot/Backend/Event/
doc/Namespaces.dox: warning: No matching directory found for command \dir Rodin/Plot/Backend/Renderer/
doc/Namespaces.dox: warning: No matching directory found for command \dir Rodin/Plot/Backend/Renderer/Drawables/
doc/Namespaces.dox: warning: No matching directory found for command \dir Rodin/Plot/GUI/
doc/Namespaces.dox: warning: No matching directory found for command \dir Rodin/Threads/
doc/Namespaces.dox: warning: No matching directory found for command \dir Rodin/Traits/
doc/Namespaces.dox: warning: No matching directory found for command \dir Rodin/tests/
doc/Namespaces.dox: warning: No matching directory found for command \dir Rodin/tests/benchmarks/
doc/Namespaces.dox: warning: No matching directory found for command \dir Rodin/tests/manufactured/
doc/Namespaces.dox: warning: No matching directory found for command \dir Rodin/tests/unit/
doc/Namespaces.dox: warning: No matching directory found for command \dir rodin/src/
doc/Namespaces.dox: warning: unable to resolve reference to 'Rodin::PETSc::Math' for \ref command
doc/Namespaces.dox: warning: unable to resolve reference to 'Rodin::PETSc::Solver' for \ref command
doc/Namespaces.dox: warning: unable to resolve reference to 'Rodin::PETSc::Variational' for \ref command
src/Rodin/Variational/AND.h: warning: Member getValue(const IntegrationPoint &ip) const (function) of class Rodin::Variational::AND< BooleanFunctionBase< LHSDerived >, BooleanFunctionBase< RHSDerived > > is not documented.
src/Rodin/Variational/BilinearFormIntegrator.h: warning: Compound Rodin::Variational::GlobalBilinearFormIntegratorBase is not documented.
src/Rodin/Variational/BilinearFormIntegrator.h: warning: Compound Rodin::Variational::LocalBilinearFormIntegratorBase is not documented.
src/Rodin/Variational/BilinearFormIntegrator.h: warning: Member GlobalBilinearFormIntegratorBase(const GlobalBilinearFormIntegratorBase< OtherNumber > &other) (function) of class Rodin::Variational::GlobalBilinearFormIntegratorBase is not documented.
src/Rodin/Variational/BilinearFormIntegrator.h: warning: Member getPolytope() const =0 (function) of class Rodin::Variational::LocalBilinearFormIntegratorBase is not documented.
src/Rodin/Variational/BilinearFormIntegrator.h: warning: Member getRegion() const =0 (function) of class Rodin::Variational::LocalBilinearFormIntegratorBase is not documented.
src/Rodin/Variational/BilinearFormIntegrator.h: warning: Member getTestRegion() const =0 (function) of class Rodin::Variational::GlobalBilinearFormIntegratorBase is not documented.
src/Rodin/Variational/BilinearFormIntegrator.h: warning: Member getTrialRegion() const =0 (function) of class Rodin::Variational::GlobalBilinearFormIntegratorBase is not documented.
src/Rodin/Variational/BilinearFormIntegrator.h: warning: Member integrate(size_t tr, size_t te)=0 (function) of class Rodin::Variational::GlobalBilinearFormIntegratorBase is not documented.
src/Rodin/Variational/BilinearFormIntegrator.h: warning: Member integrate(size_t tr, size_t te)=0 (function) of class Rodin::Variational::LocalBilinearFormIntegratorBase is not documented.
src/Rodin/Variational/BilinearFormIntegrator.h: warning: Member integrate(size_t tr, size_t te)=0 (function) of class Rodin::Variational::LocalBilinearFormIntegratorBase< TrialFunction::ScalarType > is not documented.
src/Rodin/Variational/BilinearFormIntegrator.h: warning: Member over(const A1 &a1, const A2 &a2, const As &... attrs) (function) of class Rodin::Variational::LocalBilinearFormIntegratorBase is not documented.
src/Rodin/Variational/BilinearFormIntegrator.h: warning: Member setPolytope(const Geometry::Polytope &polytope)=0 (function) of class Rodin::Variational::LocalBilinearFormIntegratorBase is not documented.
src/Rodin/Variational/BilinearFormIntegrator.h: warning: Member setPolytope(const Geometry::Polytope &tau, const Geometry::Polytope &t)=0 (function) of class Rodin::Variational::GlobalBilinearFormIntegratorBase is not documented.
src/Rodin/Variational/BooleanFunction.h: warning: Compound Rodin::Variational::BooleanFunction< Boolean > is not documented.
src/Rodin/Variational/BooleanFunction.h: warning: Member BooleanFunction(Boolean v) (function) of class Rodin::Variational::BooleanFunction< Boolean > is not documented.
src/Rodin/Variational/BooleanFunction.h: warning: Member BooleanFunction(Boolean) -> BooleanFunction< Boolean > (function) of namespace Rodin::Variational is not documented.
src/Rodin/Variational/BooleanFunction.h: warning: Member BooleanFunction(BooleanFunction &&other) (function) of class Rodin::Variational::BooleanFunction< Boolean > is not documented.
src/Rodin/Variational/BooleanFunction.h: warning: Member BooleanFunction(const BooleanFunction &other) (function) of class Rodin::Variational::BooleanFunction< Boolean > is not documented.
src/Rodin/Variational/BooleanFunction.h: warning: Member getValue(const Geometry::Point &) const (function) of class Rodin::Variational::BooleanFunction< Boolean > is not documented.
src/Rodin/Variational/BooleanFunction.h: warning: Member getValue(const IntegrationPoint &ip) const (function) of class Rodin::Variational::BooleanFunctionBase is not documented.
src/Rodin/Variational/BooleanFunction.h: warning: Member getValue(const IntegrationPoint &ip) const (function) of class Rodin::Variational::BooleanFunctionBase< BooleanFunction< Boolean > > is not documented.
src/Rodin/Variational/BooleanFunction.h: warning: Member traceOf(const Args &... args) (function) of class Rodin::Variational::BooleanFunction< Boolean > is not documented.
src/Rodin/Variational/ComplexFunction.h: warning: Compound Rodin::Variational::ComplexFunction< Integer > is not documented.
src/Rodin/Variational/ComplexFunction.h: warning: Compound Rodin::Variational::ComplexFunction< Real > is not documented.
src/Rodin/Variational/Cosh.h: warning: Member Cosh(const FunctionBase< NestedDerived > &) -> Cosh< FunctionBase< NestedDerived > > (function) of namespace Rodin::Variational is not documented.
src/Rodin/Variational/Cosh.h: warning: Member getOrder(const Geometry::Polytope &g) const (function) of class Rodin::Variational::Cosh< FunctionBase< NestedDerived > > is not documented.
src/Rodin/Variational/Cosine.h: warning: Member Cos(const FunctionBase< NestedDerived > &) -> Cos< FunctionBase< NestedDerived > > (function) of namespace Rodin::Variational is not documented.
src/Rodin/Variational/Cosine.h: warning: Member getOrder(const Geometry::Polytope &g) const (function) of class Rodin::Variational::Cos< FunctionBase< NestedDerived > > is not documented.
src/Rodin/Variational/DenseProblem.h: warning: Member DenseProblem(U &u, V &v) -> DenseProblem< Math::LinearSystem< Math::Matrix< typename FormLanguage::Traits< typename FormLanguage::Traits< U >::FESType > ::ScalarType >, Math::Vector< typename FormLanguage::Traits< typename FormLanguage::Traits< V >::FESType > ::ScalarType > >, U, V > (function) of namespace Rodin::Variational is not documented.
src/Rodin/Variational/DirichletBC.h: warning: Compound Rodin::Variational::DirichletBC< TrialFunction< Solution, FES1 >, ShapeFunctionBase< Derived2, FES2, Sp > >::Defect is not documented.
src/Rodin/Variational/DirichletBC.h: warning: Compound Rodin::Variational::DirichletBC< TrialFunction< Solution, FES1 >, ShapeFunctionBase< Derived2, FES2, Sp > >::DefectBase is not documented.
src/Rodin/Variational/DirichletBC.h: warning: Member AssemblyType (typedef) of class Rodin::Variational::DirichletBC< TrialFunction< Solution, FES >, FunctionBase< ValueDerived > > is not documented.
src/Rodin/Variational/DirichletBC.h: warning: Member AssemblyType (typedef) of class Rodin::Variational::DirichletBC< TrialFunction< Solution, FES1 >, ShapeFunctionBase< Derived2, FES2, Sp > > is not documented.
src/Rodin/Variational/DirichletBC.h: warning: Member DefaultAssemblyType (typedef) of class Rodin::Variational::DirichletBC< TrialFunction< Solution, FES >, FunctionBase< ValueDerived > > is not documented.
src/Rodin/Variational/DirichletBC.h: warning: Member DefaultAssemblyType (typedef) of class Rodin::Variational::DirichletBC< TrialFunction< Solution, FES1 >, ShapeFunctionBase< Derived2, FES2, Sp > > is not documented.
src/Rodin/Variational/DirichletBC.h: warning: Member Defect(const Defect &other) (function) of class Rodin::Variational::DirichletBC< TrialFunction< Solution, FES1 >, ShapeFunctionBase< Derived2, FES2, Sp > >::Defect is not documented.
src/Rodin/Variational/DirichletBC.h: warning: Member Defect(const FunctionType &value) (function) of class Rodin::Variational::DirichletBC< TrialFunction< Solution, FES1 >, ShapeFunctionBase< Derived2, FES2, Sp > >::Defect is not documented.
src/Rodin/Variational/DirichletBC.h: warning: Member DirichletBC(const TrialFunction< Solution, FES1 > &, const ShapeFunctionBase< Derived2, FES2, Sp > &, const FunctionBase< DefectDerived > &) -> DirichletBC< TrialFunction< Solution, FES1 >, ShapeFunctionBase< Derived2, FES2, Sp > > (function) of namespace Rodin::Variational is not documented.
src/Rodin/Variational/DirichletBC.h: warning: Member FESMeshContextType (typedef) of class Rodin::Variational::DirichletBC< TrialFunction< Solution, FES >, FunctionBase< ValueDerived > > is not documented.
src/Rodin/Variational/DirichletBC.h: warning: Member FESMeshContextType (typedef) of class Rodin::Variational::DirichletBC< TrialFunction< Solution, FES1 >, ShapeFunctionBase< Derived2, FES2, Sp > > is not documented.
src/Rodin/Variational/DirichletBC.h: warning: Member FESMeshType (typedef) of class Rodin::Variational::DirichletBC< TrialFunction< Solution, FES >, FunctionBase< ValueDerived > > is not documented.
src/Rodin/Variational/DirichletBC.h: warning: Member FESMeshType (typedef) of class Rodin::Variational::DirichletBC< TrialFunction< Solution, FES1 >, ShapeFunctionBase< Derived2, FES2, Sp > > is not documented.
src/Rodin/Variational/DirichletBC.h: warning: Member FESRangeType (typedef) of class Rodin::Variational::DirichletBC< TrialFunction< Solution, FES >, FunctionBase< ValueDerived > > is not documented.
src/Rodin/Variational/DirichletBC.h: warning: Member FESRangeType (typedef) of class Rodin::Variational::DirichletBC< TrialFunction< Solution, FES1 >, ShapeFunctionBase< Derived2, FES2, Sp > > is not documented.
src/Rodin/Variational/DirichletBC.h: warning: Member FunctionType (typedef) of class Rodin::Variational::DirichletBC< TrialFunction< Solution, FES1 >, ShapeFunctionBase< Derived2, FES2, Sp > >::Defect is not documented.
src/Rodin/Variational/DirichletBC.h: warning: Member IdentificationValues (typedef) of class Rodin::Variational::DirichletBC< TrialFunction< Solution, FES1 >, ShapeFunctionBase< Derived2, FES2, Sp > > is not documented.
src/Rodin/Variational/DirichletBC.h: warning: Member copy() const noexcept override (function) of class Rodin::Variational::DirichletBC< TrialFunction< Solution, FES1 >, ShapeFunctionBase< Derived2, FES2, Sp > >::Defect is not documented.
src/Rodin/Variational/DirichletBC.h: warning: Member copy() const noexcept=0 (function) of class Rodin::Variational::DirichletBC< TrialFunction< Solution, FES1 >, ShapeFunctionBase< Derived2, FES2, Sp > >::DefectBase is not documented.
src/Rodin/Variational/DirichletBC.h: warning: Member getAssembly() const (function) of class Rodin::Variational::DirichletBC< TrialFunction< Solution, FES >, FunctionBase< ValueDerived > > is not documented.
src/Rodin/Variational/DirichletBC.h: warning: Member getAssembly() const (function) of class Rodin::Variational::DirichletBC< TrialFunction< Solution, FES1 >, ShapeFunctionBase< Derived2, FES2, Sp > > is not documented.
src/Rodin/Variational/DirichletBC.h: warning: Member getValue(const Geometry::Point &p) const =0 (function) of class Rodin::Variational::DirichletBC< TrialFunction< Solution, FES1 >, ShapeFunctionBase< Derived2, FES2, Sp > >::DefectBase is not documented.
src/Rodin/Variational/DirichletBC.h: warning: Member getValue(const Geometry::Point &p) const override (function) of class Rodin::Variational::DirichletBC< TrialFunction< Solution, FES1 >, ShapeFunctionBase< Derived2, FES2, Sp > >::Defect is not documented.
src/Rodin/Variational/DirichletBC.h: warning: Member on(A1 a1, A2 a2, As... as) (function) of class Rodin::Variational::DirichletBC< TrialFunction< Solution, FES >, FunctionBase< ValueDerived > > is not documented.
src/Rodin/Variational/Div.h: warning: Member getOrder(const Geometry::Polytope &poly) const noexcept (function) of class Rodin::Variational::DivBase< GridFunction< FES, Data >, Derived > is not documented.
src/Rodin/Variational/Div.h: warning: Member interpolate(ScalarType &out, const IntegrationPoint &ip) const (function) of class Rodin::Variational::DivBase< GridFunction< FES, Data >, Derived > is not documented.
src/Rodin/Variational/Exceptions/TestFunctionMismatchException.h: warning: Compound Rodin::Variational::TestFunctionMismatchException is not documented.
src/Rodin/Variational/Exceptions/TestFunctionMismatchException.h: warning: Member TestFunctionMismatchException(const UPb &uPb) (function) of class Rodin::Variational::TestFunctionMismatchException is not documented.
src/Rodin/Variational/Exceptions/TrialFunctionMismatchException.h: warning: Compound Rodin::Variational::TrialFunctionMismatchException is not documented.
src/Rodin/Variational/Exceptions/TrialFunctionMismatchException.h: warning: Member TrialFunctionMismatchException(const UPb &uPb) (function) of class Rodin::Variational::TrialFunctionMismatchException is not documented.
src/Rodin/Variational/Exceptions/UndeterminedTraceDomainException.h: warning: Compound Rodin::Variational::UndeterminedTraceDomainException is not documented.
src/Rodin/Variational/Exceptions/UndeterminedTraceDomainException.h: warning: Member UndeterminedTraceDomainException(const T &, const FuncName &, const std::pair< size_t, Index > &, Iterator, Iterator) -> UndeterminedTraceDomainException< T, FuncName > (function) of namespace Rodin::Variational is not documented.
src/Rodin/Variational/Exceptions/UndeterminedTraceDomainException.h: warning: Member UndeterminedTraceDomainException(const T &cls, const FuncName &funcName, const std::pair< size_t, Index > &p, Iterator begin, Iterator end) (function) of class Rodin::Variational::UndeterminedTraceDomainException is not documented.
src/Rodin/Variational/FiniteElementSpace.h: warning: Member FiniteElementSpace(FiniteElementSpace &&)=default (function) of class Rodin::Variational::FiniteElementSpace is not documented.
src/Rodin/Variational/FiniteElementSpace.h: warning: Member FiniteElementSpace(const FiniteElementSpace &)=default (function) of class Rodin::Variational::FiniteElementSpace is not documented.
src/Rodin/Variational/FiniteElementSpace.h: warning: Member FiniteElementSpaceBase(FiniteElementSpaceBase &&)=default (function) of class Rodin::Variational::FiniteElementSpaceBase is not documented.
src/Rodin/Variational/FiniteElementSpace.h: warning: Member FiniteElementSpaceBase(const FiniteElementSpaceBase &)=default (function) of class Rodin::Variational::FiniteElementSpaceBase is not documented.
src/Rodin/Variational/FiniteElementSpace.h: warning: Member FiniteElementSpacePullbackBase(FiniteElementSpacePullbackBase &&)=default (function) of class Rodin::Variational::FiniteElementSpacePullbackBase is not documented.
src/Rodin/Variational/FiniteElementSpace.h: warning: Member FiniteElementSpacePullbackBase(const FiniteElementSpacePullbackBase &)=default (function) of class Rodin::Variational::FiniteElementSpacePullbackBase is not documented.
src/Rodin/Variational/FiniteElementSpace.h: warning: Member FiniteElementSpacePushforwardBase(FiniteElementSpacePushforwardBase &&)=default (function) of class Rodin::Variational::FiniteElementSpacePushforwardBase is not documented.
src/Rodin/Variational/FiniteElementSpace.h: warning: Member FiniteElementSpacePushforwardBase(const FiniteElementSpacePushforwardBase &)=default (function) of class Rodin::Variational::FiniteElementSpacePushforwardBase is not documented.
src/Rodin/Variational/FiniteElementSpace.h: warning: Member operator!=(const FiniteElementSpaceBase &other) const (function) of class Rodin::Variational::FiniteElementSpaceBase is not documented.
src/Rodin/Variational/FiniteElementSpace.h: warning: Member operator=(FiniteElementSpace &&)=default (function) of class Rodin::Variational::FiniteElementSpace is not documented.
src/Rodin/Variational/FiniteElementSpace.h: warning: Member operator=(FiniteElementSpace &&)=default (function) of class Rodin::Variational::FiniteElementSpace< Geometry::Mesh< Context::Local >, P0< Real, Geometry::Mesh< Context::Local > > > is not documented.
src/Rodin/Variational/FiniteElementSpace.h: warning: Member operator=(FiniteElementSpace &&)=default (function) of class Rodin::Variational::FiniteElementSpace< Geometry::Mesh< Context::Local >, P1< Math::SpatialVector< Scalar >, Geometry::Mesh< Context::Local > > > is not documented.
src/Rodin/Variational/FiniteElementSpace.h: warning: Member operator=(FiniteElementSpace &&)=default (function) of class Rodin::Variational::FiniteElementSpace< Geometry::Mesh< Context::Local >, P1< Scalar, Geometry::Mesh< Context::Local > > > is not documented.
src/Rodin/Variational/FiniteElementSpace.h: warning: Member operator=(FiniteElementSpace &&)=default (function) of class Rodin::Variational::FiniteElementSpace< Geometry::Mesh< Context::MPI >, Derived > is not documented.
src/Rodin/Variational/FiniteElementSpace.h: warning: Member operator=(FiniteElementSpace &&)=default (function) of class Rodin::Variational::FiniteElementSpace< Geometry::Mesh< Context::MPI >, H1< K, Math::SpatialVector< Scalar >, Geometry::Mesh< Context::MPI > > > is not documented.
src/Rodin/Variational/FiniteElementSpace.h: warning: Member operator=(FiniteElementSpace &&)=default (function) of class Rodin::Variational::FiniteElementSpace< Geometry::Mesh< Context::MPI >, P0< Range, Geometry::Mesh< Context::MPI > > > is not documented.
src/Rodin/Variational/FiniteElementSpace.h: warning: Member operator=(FiniteElementSpace &&)=default (function) of class Rodin::Variational::FiniteElementSpace< Geometry::Mesh< Context::MPI >, P1< Range, Geometry::Mesh< Context::MPI > > > is not documented.
src/Rodin/Variational/FiniteElementSpace.h: warning: Member operator=(FiniteElementSpaceBase &&)=default (function) of class Rodin::Variational::FiniteElementSpaceBase is not documented.
src/Rodin/Variational/FiniteElementSpace.h: warning: Member operator=(FiniteElementSpacePullbackBase &&)=default (function) of class Rodin::Variational::FiniteElementSpacePullbackBase is not documented.
src/Rodin/Variational/FiniteElementSpace.h: warning: Member operator=(FiniteElementSpacePullbackBase &&)=default (function) of class Rodin::Variational::FiniteElementSpacePullbackBase< CallablePullback< CallableType > > is not documented.
src/Rodin/Variational/FiniteElementSpace.h: warning: Member operator=(FiniteElementSpacePullbackBase &&)=default (function) of class Rodin::Variational::FiniteElementSpacePullbackBase< Pullback< Callable > > is not documented.
src/Rodin/Variational/FiniteElementSpace.h: warning: Member operator=(FiniteElementSpacePullbackBase &&)=default (function) of class Rodin::Variational::FiniteElementSpacePullbackBase< Pullback< FunctionDerived > > is not documented.
src/Rodin/Variational/FiniteElementSpace.h: warning: Member operator=(FiniteElementSpacePushforwardBase &&)=default (function) of class Rodin::Variational::FiniteElementSpacePushforwardBase is not documented.
src/Rodin/Variational/FiniteElementSpace.h: warning: Member operator=(FiniteElementSpacePushforwardBase &&)=default (function) of class Rodin::Variational::FiniteElementSpacePushforwardBase< Pushforward< Callable > > is not documented.
src/Rodin/Variational/FiniteElementSpace.h: warning: Member operator=(FiniteElementSpacePushforwardBase &&)=default (function) of class Rodin::Variational::FiniteElementSpacePushforwardBase< Pushforward< CallableType > > is not documented.
src/Rodin/Variational/FiniteElementSpace.h: warning: Member operator=(const FiniteElementSpace &)=default (function) of class Rodin::Variational::FiniteElementSpace is not documented.
src/Rodin/Variational/FiniteElementSpace.h: warning: Member operator=(const FiniteElementSpaceBase &)=default (function) of class Rodin::Variational::FiniteElementSpaceBase is not documented.
src/Rodin/Variational/FiniteElementSpace.h: warning: Member operator=(const FiniteElementSpacePullbackBase &)=default (function) of class Rodin::Variational::FiniteElementSpacePullbackBase is not documented.
src/Rodin/Variational/FiniteElementSpace.h: warning: Member operator=(const FiniteElementSpacePushforwardBase &)=default (function) of class Rodin::Variational::FiniteElementSpacePushforwardBase is not documented.
src/Rodin/Variational/FiniteElementSpace.h: warning: Member operator==(const FiniteElementSpaceBase &other) const (function) of class Rodin::Variational::FiniteElementSpaceBase is not documented.
src/Rodin/Variational/ForwardDecls.h: warning: Compound Rodin::Variational::GlobalBilinearFormIntegratorBase is not documented.
src/Rodin/Variational/ForwardDecls.h: warning: Compound Rodin::Variational::LocalBilinearFormIntegratorBase is not documented.
src/Rodin/Variational/ForwardDecls.h: warning: unable to resolve reference to 'AbsSpecializations' for \ref command
src/Rodin/Variational/ForwardDecls.h: warning: unable to resolve reference to 'BoundaryIntegralSpecializations' for \ref command
src/Rodin/Variational/ForwardDecls.h: warning: unable to resolve reference to 'DivisionSpecializations' for \ref command
src/Rodin/Variational/ForwardDecls.h: warning: unable to resolve reference to 'DotSpecializations' for \ref command
src/Rodin/Variational/ForwardDecls.h: warning: unable to resolve reference to 'EQSpecializations' for \ref command
src/Rodin/Variational/ForwardDecls.h: warning: unable to resolve reference to 'FaceIntegralSpecializations' for \ref command
src/Rodin/Variational/ForwardDecls.h: warning: unable to resolve reference to 'GEQSpecializations' for \ref command
src/Rodin/Variational/ForwardDecls.h: warning: unable to resolve reference to 'GTSpecializations' for \ref command
src/Rodin/Variational/ForwardDecls.h: warning: unable to resolve reference to 'GradSpecializations' for \ref command
src/Rodin/Variational/ForwardDecls.h: warning: unable to resolve reference to 'IntegralSpecializations' for \ref command
src/Rodin/Variational/ForwardDecls.h: warning: unable to resolve reference to 'InterfaceIntegralSpecializations' for \ref command
src/Rodin/Variational/ForwardDecls.h: warning: unable to resolve reference to 'LEQSpecializations' for \ref command
src/Rodin/Variational/ForwardDecls.h: warning: unable to resolve reference to 'LTSpecializations' for \ref command
src/Rodin/Variational/ForwardDecls.h: warning: unable to resolve reference to 'MultSpecializations' for \ref command
src/Rodin/Variational/ForwardDecls.h: warning: unable to resolve reference to 'ORSpecializations' for \ref command
src/Rodin/Variational/ForwardDecls.h: warning: unable to resolve reference to 'PowSpecializations' for \ref command
src/Rodin/Variational/ForwardDecls.h: warning: unable to resolve reference to 'SumSpecializations' for \ref command
src/Rodin/Variational/ForwardDecls.h: warning: unable to resolve reference to 'TraceSpecializations' for \ref command
src/Rodin/Variational/ForwardDecls.h: warning: unable to resolve reference to 'TransposeSpecializations' for \ref command
src/Rodin/Variational/ForwardDecls.h: warning: unable to resolve reference to 'UnaryMinusSpecializations' for \ref command
src/Rodin/Variational/Frobenius.h: warning: Member getOrder(const Geometry::Polytope &polytope) const noexcept (function) of class Rodin::Variational::Frobenius< FunctionBase< NestedDerived > > is not documented.
src/Rodin/Variational/H1/Derivative.h: warning: Compound Rodin::FormLanguage::Traits< Variational::Derivative< Variational::GridFunction< Variational::H1< K, Scalar, Mesh >, Data > > > is not documented.
src/Rodin/Variational/H1/Derivative.h: warning: Found non-existing group 'DerivativeSpecializations' for the command '@ingroup', ignoring command
src/Rodin/Variational/H1/Derivative.h: warning: Member SpatialVectorType (typedef) of class Rodin::Variational::Derivative< GridFunction< H1< K, Scalar, Mesh >, Data > > is not documented.
src/Rodin/Variational/H1/Derivative.h: warning: Member copy() const noexcept override (function) of class Rodin::Variational::Derivative< GridFunction< H1< K, Scalar, Mesh >, Data > > is not documented.
src/Rodin/Variational/H1/Derivative.h: warning: Member getOrder(const Geometry::Polytope &geom) const noexcept (function) of class Rodin::Variational::Derivative< GridFunction< H1< K, Scalar, Mesh >, Data > > is not documented.
src/Rodin/Variational/H1/Derivative.h: warning: Member interpolate(ScalarType &out, const IntegrationPoint &ip) const (function) of class Rodin::Variational::Derivative< GridFunction< H1< K, Scalar, Mesh >, Data > > is not documented.
src/Rodin/Variational/H1/Dubiner.h: warning: Compound Rodin::Variational::VandermondeTetrahedron is not documented.
src/Rodin/Variational/H1/Dubiner.h: warning: Member getCollapsed(Real &a, Real &b, Real &c, Real x, Real y, Real z) (function) of class Rodin::Variational::DubinerTetrahedron is not documented.
src/Rodin/Variational/H1/Dubiner.h: warning: Member getGradient(Real &dpsi_da, Real &dpsi_db, Real &dpsi_dc, Real a, Real b, Real c) (function) of class Rodin::Variational::DubinerTetrahedron is not documented.
src/Rodin/Variational/H1/Dubiner.h: warning: Member getInverse() (function) of class Rodin::Variational::VandermondeTetrahedron is not documented.
src/Rodin/Variational/H1/Dubiner.h: warning: Member getInverse() (function) of class Rodin::Variational::VandermondeTriangle is not documented.
src/Rodin/Variational/H1/Dubiner.h: warning: Member getMatrix() (function) of class Rodin::Variational::VandermondeTetrahedron is not documented.
src/Rodin/Variational/H1/ForwardDecls.h: warning: Compound Rodin::Variational::VandermondeTetrahedron is not documented.
src/Rodin/Variational/H1/ForwardDecls.h: warning: unable to resolve reference to 'H1ElementSpecializations' for \ref command
src/Rodin/Variational/H1/GLL.h: warning: Member Count (variable) of class Rodin::Variational::GLL is not documented.
src/Rodin/Variational/H1/H1.h: warning: Compound Rodin::FormLanguage::Traits< Variational::H1< K, Math::SpatialVector< Scalar >, Mesh > > is not documented.
src/Rodin/Variational/H1/H1.h: warning: Compound Rodin::FormLanguage::Traits< Variational::H1< K, Scalar, Mesh > > is not documented.
src/Rodin/Variational/H1/H1.h: warning: Compound Rodin::Variational::H1< K, Math::SpatialVector< Scalar >, Geometry::Mesh< Context::Local > >::Pullback is not documented.
src/Rodin/Variational/H1/H1.h: warning: Compound Rodin::Variational::H1< K, Math::SpatialVector< Scalar >, Geometry::Mesh< Context::Local > >::Pushforward is not documented.
src/Rodin/Variational/H1/H1.h: warning: Member CallableType (typedef) of class Rodin::Variational::H1< K, Math::SpatialVector< Scalar >, Geometry::Mesh< Context::Local > >::Pullback is not documented.
src/Rodin/Variational/H1/H1.h: warning: Member CallableType (typedef) of class Rodin::Variational::H1< K, Math::SpatialVector< Scalar >, Geometry::Mesh< Context::Local > >::Pushforward is not documented.
src/Rodin/Variational/H1/H1.h: warning: Member CallableType (typedef) of class Rodin::Variational::H1< K, Scalar, Geometry::Mesh< Context::Local > >::Pullback is not documented.
src/Rodin/Variational/H1/H1.h: warning: Member CallableType (typedef) of class Rodin::Variational::H1< K, Scalar, Geometry::Mesh< Context::Local > >::Pushforward is not documented.
src/Rodin/Variational/H1/H1.h: warning: Member Pullback(const Geometry::Polytope &polytope, Function &&v) (function) of class Rodin::Variational::H1< K, Math::SpatialVector< Scalar >, Geometry::Mesh< Context::Local > >::Pullback is not documented.
src/Rodin/Variational/H1/H1.h: warning: Member Pullback(const Geometry::Polytope &polytope, Function &&v) (function) of class Rodin::Variational::H1< K, Scalar, Geometry::Mesh< Context::Local > >::Pullback is not documented.
src/Rodin/Variational/H1/H1.h: warning: Member Pullback(const Pullback &)=default (function) of class Rodin::Variational::H1< K, Math::SpatialVector< Scalar >, Geometry::Mesh< Context::Local > >::Pullback is not documented.
src/Rodin/Variational/H1/H1.h: warning: Member Pullback(const Pullback &)=default (function) of class Rodin::Variational::H1< K, Scalar, Geometry::Mesh< Context::Local > >::Pullback is not documented.
src/Rodin/Variational/H1/H1.h: warning: Member Pushforward(Function &&v) (function) of class Rodin::Variational::H1< K, Math::SpatialVector< Scalar >, Geometry::Mesh< Context::Local > >::Pushforward is not documented.
src/Rodin/Variational/H1/H1.h: warning: Member Pushforward(const Pushforward &)=default (function) of class Rodin::Variational::H1< K, Math::SpatialVector< Scalar >, Geometry::Mesh< Context::Local > >::Pushforward is not documented.
src/Rodin/Variational/H1/H1.h: warning: Member Pushforward(const Pushforward &)=default (function) of class Rodin::Variational::H1< K, Scalar, Geometry::Mesh< Context::Local > >::Pushforward is not documented.
src/Rodin/Variational/H1/H1.h: warning: Member operator()(const Geometry::Point &p) const (function) of class Rodin::Variational::H1< K, Math::SpatialVector< Scalar >, Geometry::Mesh< Context::Local > >::Pushforward is not documented.
src/Rodin/Variational/H1/H1.h: warning: Member operator()(const Geometry::Point &p) const (function) of class Rodin::Variational::H1< K, Scalar, Geometry::Mesh< Context::Local > >::Pushforward is not documented.
src/Rodin/Variational/H1/H1.h: warning: Member operator()(const Math::SpatialPoint &r) const (function) of class Rodin::Variational::H1< K, Math::SpatialVector< Scalar >, Geometry::Mesh< Context::Local > >::Pullback is not documented.
src/Rodin/Variational/H1/H1.h: warning: Member operator()(const Math::SpatialVector< Real > &r) const (function) of class Rodin::Variational::H1< K, Scalar, Geometry::Mesh< Context::Local > >::Pullback is not documented.
src/Rodin/Variational/H1/H1.hpp: warning: Member Count (variable) of class Rodin::Variational::H1< K, Scalar, Geometry::Mesh< Context::Local > >::Cochain is not documented.
src/Rodin/Variational/H1/H1.hpp: warning: no matching class member found for 
src/Rodin/Variational/H1/H1.hpp: warning: no uniquely matching class member found for 
src/Rodin/Variational/H1/LagrangeBasis.h: warning: Member getBasis() (function) of class Rodin::Variational::LagrangeBasisPoint is not documented.
src/Rodin/Variational/H1/LagrangeBasis.h: warning: Member getBasis(size_t i, Real x) (function) of class Rodin::Variational::LagrangeBasisSegment is not documented.
src/Rodin/Variational/H1/LagrangeBasis.h: warning: Member getBasis(size_t i, size_t j, Real x, Real y) (function) of class Rodin::Variational::LagrangeBasisQuadrilateral is not documented.
src/Rodin/Variational/H1/LagrangeBasis.h: warning: Member getBasis(size_t i, size_t j, Real x, Real y) (function) of class Rodin::Variational::LagrangeBasisTriangle is not documented.
src/Rodin/Variational/H1/LagrangeBasis.h: warning: Member getBasis(size_t i, size_t j, size_t k, Real x, Real y, Real z) (function) of class Rodin::Variational::LagrangeBasisTetrahedron is not documented.
src/Rodin/Variational/H1/LagrangeBasis.h: warning: Member getBasis(size_t i, size_t j, size_t k, Real x, Real y, Real z) (function) of class Rodin::Variational::LagrangeBasisWedge is not documented.
src/Rodin/Variational/H1/LagrangeBasis.h: warning: Member getDerivative() (function) of class Rodin::Variational::LagrangeBasisPoint is not documented.
src/Rodin/Variational/H1/LagrangeBasis.h: warning: Member getDerivative(size_t i, Real x) (function) of class Rodin::Variational::LagrangeBasisSegment is not documented.
src/Rodin/Variational/H1/LagrangeBasis.h: warning: Member getDerivative(size_t i, size_t j, size_t deriv_dim, Real x, Real y) (function) of class Rodin::Variational::LagrangeBasisQuadrilateral is not documented.
src/Rodin/Variational/H1/LagrangeBasis.h: warning: Member getDerivative(size_t i, size_t j, size_t deriv_dim, Real x, Real y) (function) of class Rodin::Variational::LagrangeBasisTriangle is not documented.
src/Rodin/Variational/H1/LagrangeBasis.h: warning: Member getDerivative(size_t i, size_t j, size_t k, size_t deriv_dim, Real x, Real y, Real z) (function) of class Rodin::Variational::LagrangeBasisTetrahedron is not documented.
src/Rodin/Variational/H1/LagrangeBasis.h: warning: Member getDerivative(size_t i, size_t j, size_t k, size_t deriv_dim, Real x, Real y, Real z) (function) of class Rodin::Variational::LagrangeBasisWedge is not documented.
src/Rodin/Variational/H1/WarpBlend.h: warning: Member apply(Real L1, Real L2, Real L3, Real alpha) (function) of class Rodin::Variational::WarpShiftFace2D is not documented.
src/Rodin/Variational/H1/WarpBlend.h: warning: Member apply(Real La, Real Lb, Real Lc, Real Ld, Real alpha) (function) of class Rodin::Variational::WarpShiftFace3D is not documented.
src/Rodin/Variational/H1/WarpBlend.h: warning: Member apply(std::array< Math::SpatialPoint, N > &nodes) (function) of class Rodin::Variational::WarpBlendTetrahedron is not documented.
src/Rodin/Variational/H1/WarpBlend.h: warning: Member apply(std::array< Math::SpatialPoint, N > &nodes) (function) of class Rodin::Variational::WarpBlendTriangle is not documented.
src/Rodin/Variational/H1/WarpBlend.h: warning: Member getAlpha() (function) of class Rodin::Variational::TetrahedronBlend is not documented.
src/Rodin/Variational/H1/WarpBlend.h: warning: Member getAlpha() (function) of class Rodin::Variational::TriangleBlend is not documented.
src/Rodin/Variational/IdentityMatrix.h: warning: Member getOrder(const Geometry::Polytope &) const noexcept (function) of class Rodin::Variational::IdentityMatrix is not documented.
src/Rodin/Variational/Im.h: warning: Member getOrder(const Geometry::Polytope &polytope) const noexcept (function) of class Rodin::Variational::Im< FunctionBase< NestedDerived > > is not documented.
src/Rodin/Variational/IntegrationPoint.h: warning: Member IntegrationPoint(const Geometry::Point &p) (function) of class Rodin::Variational::IntegrationPoint is not documented.
src/Rodin/Variational/Jacobian.h: warning: Member SpatialMatrixType (typedef) of class Rodin::Variational::JacobianBase< GridFunction< FES, Data >, Derived > is not documented.
src/Rodin/Variational/Jacobian.h: warning: Member getOrder(const Geometry::Polytope &polytope) const noexcept (function) of class Rodin::Variational::JacobianBase< GridFunction< FES, Data >, Derived > is not documented.
src/Rodin/Variational/LinearForm.h: warning: Compound Rodin::FormLanguage::Traits< Variational::LinearForm< FES, Vector > > is not documented.
src/Rodin/Variational/LinearForm.h: warning: Compound Rodin::FormLanguage::Traits< Variational::LinearFormBase< Vector > > is not documented.
src/Rodin/Variational/LinearForm.h: warning: Member AssemblyType (typedef) of class Rodin::Variational::LinearForm< FES, Math::Vector< typename FormLanguage::Traits< FES >::ScalarType > > is not documented.
src/Rodin/Variational/LinearForm.h: warning: Member DefaultAssemblyType (typedef) of class Rodin::Variational::LinearForm< FES, Math::Vector< typename FormLanguage::Traits< FES >::ScalarType > > is not documented.
src/Rodin/Variational/LinearForm.h: warning: Member FESMeshContextType (typedef) of class Rodin::Variational::LinearForm< FES, Math::Vector< typename FormLanguage::Traits< FES >::ScalarType > > is not documented.
src/Rodin/Variational/LinearForm.h: warning: Member FESMeshType (typedef) of class Rodin::Variational::LinearForm< FES, Math::Vector< typename FormLanguage::Traits< FES >::ScalarType > > is not documented.
src/Rodin/Variational/LinearForm.h: warning: Member LinearForm(LinearForm &&other) (function) of class Rodin::Variational::LinearForm< FES, Math::Vector< typename FormLanguage::Traits< FES >::ScalarType > > is not documented.
src/Rodin/Variational/LinearForm.h: warning: Member LinearForm(const LinearForm &other) (function) of class Rodin::Variational::LinearForm< FES, Math::Vector< typename FormLanguage::Traits< FES >::ScalarType > > is not documented.
src/Rodin/Variational/LinearForm.h: warning: Member getVector() const override (function) of class Rodin::Variational::LinearForm< FES, Math::Vector< typename FormLanguage::Traits< FES >::ScalarType > > is not documented.
src/Rodin/Variational/LinearForm.h: warning: Member operator=(LinearForm &&other) noexcept (function) of class Rodin::Variational::LinearForm< FES, Math::Vector< typename FormLanguage::Traits< FES >::ScalarType > > is not documented.
src/Rodin/Variational/LinearForm.h: warning: Member operator=(const LinearForm &other) (function) of class Rodin::Variational::LinearForm< FES, Math::Vector< typename FormLanguage::Traits< FES >::ScalarType > > is not documented.
src/Rodin/Variational/LinearForm.h: warning: Member operator=(const LinearFormIntegratorBaseListType &lfis) (function) of class Rodin::Variational::LinearForm< FES, Math::Vector< typename FormLanguage::Traits< FES >::ScalarType > > is not documented.
src/Rodin/Variational/LinearForm.h: warning: Member operator=(const LinearFormIntegratorBaseListType &lfis) (function) of class Rodin::Variational::LinearFormBase is not documented.
src/Rodin/Variational/LinearFormIntegrator.h: warning: Member getPolytope() const =0 (function) of class Rodin::Variational::LinearFormIntegratorBase is not documented.
src/Rodin/Variational/LinearFormIntegrator.h: warning: Member getRegion() const =0 (function) of class Rodin::Variational::LinearFormIntegratorBase is not documented.
src/Rodin/Variational/LinearFormIntegrator.h: warning: Member integrate(size_t local)=0 (function) of class Rodin::Variational::LinearFormIntegratorBase is not documented.
src/Rodin/Variational/LinearFormIntegrator.h: warning: Member integrate(size_t local)=0 (function) of class Rodin::Variational::LinearFormIntegratorBase< TestFunction::ScalarType > is not documented.
src/Rodin/Variational/LinearFormIntegrator.h: warning: Member setPolytope(const Geometry::Polytope &polytope)=0 (function) of class Rodin::Variational::LinearFormIntegratorBase is not documented.
src/Rodin/Variational/MatrixFunction.h: warning: Compound Rodin::FormLanguage::Traits< Variational::MatrixFunctionBase< Scalar, Derived > > is not documented.
src/Rodin/Variational/MatrixFunction.h: warning: Compound Rodin::Variational::MatrixFunction< Math::Matrix< Scalar > > is not documented.
src/Rodin/Variational/MatrixFunction.h: warning: Member DerivedType (typedef) of struct Rodin::FormLanguage::Traits< Variational::MatrixFunctionBase< Scalar, Derived > > is not documented.
src/Rodin/Variational/MatrixFunction.h: warning: Member MatrixFunction(MatrixFunction &&other) (function) of class Rodin::Variational::MatrixFunction< Math::Matrix< Scalar > > is not documented.
src/Rodin/Variational/MatrixFunction.h: warning: Member MatrixFunction(const Math::Matrix< Scalar > &) -> MatrixFunction< Math::Matrix< Scalar > > (function) of namespace Rodin::Variational is not documented.
src/Rodin/Variational/MatrixFunction.h: warning: Member MatrixFunction(const MatrixFunction &other) (function) of class Rodin::Variational::MatrixFunction< Math::Matrix< Scalar > > is not documented.
src/Rodin/Variational/MatrixFunction.h: warning: Member MatrixFunction(const MatrixType &matrix) (function) of class Rodin::Variational::MatrixFunction< Math::Matrix< Scalar > > is not documented.
src/Rodin/Variational/MatrixFunction.h: warning: Member getOrder(const Geometry::Polytope &) const noexcept (function) of class Rodin::Variational::MatrixFunction< Math::Matrix< Scalar > > is not documented.
src/Rodin/Variational/MatrixFunction.h: warning: Member getOrder(const Geometry::Polytope &polytope) const noexcept (function) of class Rodin::Variational::MatrixFunctionBase is not documented.
src/Rodin/Variational/MatrixFunction.h: warning: Member getOrder(const Geometry::Polytope &polytope) const noexcept (function) of class Rodin::Variational::MatrixFunctionBase< FormLanguage::Traits< FES >::ScalarType, JacobianBase< GridFunction< FES, Data >, Derived > > is not documented.
src/Rodin/Variational/MatrixFunction.h: warning: Member getOrder(const Geometry::Polytope &polytope) const noexcept (function) of class Rodin::Variational::MatrixFunctionBase< Real, AnalyticMatrixFunction< F > > is not documented.
src/Rodin/Variational/MatrixFunction.h: warning: Member getOrder(const Geometry::Polytope &polytope) const noexcept (function) of class Rodin::Variational::MatrixFunctionBase< Real, IdentityMatrix > is not documented.
src/Rodin/Variational/MatrixFunction.h: warning: Member getOrder(const Geometry::Polytope &polytope) const noexcept (function) of class Rodin::Variational::MatrixFunctionBase< Scalar, MatrixFunction< Math::Matrix< Scalar > > > is not documented.
src/Rodin/Variational/MatrixFunction.h: warning: Member getRows() const (function) of class Rodin::Variational::MatrixFunction< Math::Matrix< Scalar > > is not documented.
src/Rodin/Variational/MatrixFunction.h: warning: Member getValue(const Geometry::Point &) const (function) of class Rodin::Variational::MatrixFunction< Math::Matrix< Scalar > > is not documented.
src/Rodin/Variational/MatrixFunction.h: warning: Member getValue(const IntegrationPoint &ip) const (function) of class Rodin::Variational::MatrixFunctionBase is not documented.
src/Rodin/Variational/P0/P0.h: warning: Compound Rodin::FormLanguage::Traits< Variational::P0< Math::Vector< Number >, Mesh > > is not documented.
src/Rodin/Variational/P0/P0.h: warning: Compound Rodin::FormLanguage::Traits< Variational::P0< Number, Mesh > > is not documented.
src/Rodin/Variational/P0/P0.h: warning: Compound Rodin::Variational::P0< Real, Geometry::Mesh< Context::Local > >::Pullback is not documented.
src/Rodin/Variational/P0/P0.h: warning: Compound Rodin::Variational::P0< Real, Geometry::Mesh< Context::Local > >::Pushforward is not documented.
src/Rodin/Variational/P0/P0.h: warning: Member CallableType (typedef) of class Rodin::Variational::P0< Real, Geometry::Mesh< Context::Local > >::Pullback is not documented.
src/Rodin/Variational/P0/P0.h: warning: Member CallableType (typedef) of class Rodin::Variational::P0< Real, Geometry::Mesh< Context::Local > >::Pushforward is not documented.
src/Rodin/Variational/P0/P0.h: warning: Member Pullback(const Geometry::Polytope &polytope, Function &&v) (function) of class Rodin::Variational::P0< Real, Geometry::Mesh< Context::Local > >::Pullback is not documented.
src/Rodin/Variational/P0/P0.h: warning: Member Pullback(const Pullback &)=default (function) of class Rodin::Variational::P0< Real, Geometry::Mesh< Context::Local > >::Pullback is not documented.
src/Rodin/Variational/P0/P0.h: warning: Member Pushforward(const Pushforward &)=default (function) of class Rodin::Variational::P0< Real, Geometry::Mesh< Context::Local > >::Pushforward is not documented.
src/Rodin/Variational/P0/P0.h: warning: Member operator()(const Geometry::Point &p) const (function) of class Rodin::Variational::P0< Real, Geometry::Mesh< Context::Local > >::Pushforward is not documented.
src/Rodin/Variational/P0/P0.h: warning: Member operator()(const Math::SpatialPoint &r) const (function) of class Rodin::Variational::P0< Real, Geometry::Mesh< Context::Local > >::Pullback is not documented.
src/Rodin/Variational/P0g/P0g.h: warning: Compound Rodin::FormLanguage::Traits< Variational::P0g< Math::SpatialVector< Number >, Mesh > > is not documented.
src/Rodin/Variational/P0g/P0g.h: warning: Compound Rodin::FormLanguage::Traits< Variational::P0g< Number, Mesh > > is not documented.
src/Rodin/Variational/P0g/P0g.h: warning: Compound Rodin::Variational::P0g< Math::SpatialVector< Real >, Geometry::Mesh< Context::Local > > is not documented.
src/Rodin/Variational/P0g/P0g.h: warning: Compound Rodin::Variational::P0g< Math::SpatialVector< Real >, Geometry::Mesh< Context::Local > >::Pullback is not documented.
src/Rodin/Variational/P0g/P0g.h: warning: Compound Rodin::Variational::P0g< Math::SpatialVector< Real >, Geometry::Mesh< Context::Local > >::Pushforward is not documented.
src/Rodin/Variational/P0g/P0g.h: warning: Compound Rodin::Variational::P0g< Real, Geometry::Mesh< Context::Local > > is not documented.
src/Rodin/Variational/P0g/P0g.h: warning: Compound Rodin::Variational::P0g< Real, Geometry::Mesh< Context::Local > >::Pullback is not documented.
src/Rodin/Variational/P0g/P0g.h: warning: Compound Rodin::Variational::P0g< Real, Geometry::Mesh< Context::Local > >::Pushforward is not documented.
src/Rodin/Variational/P0g/P0g.h: warning: Member CallableType (typedef) of class Rodin::Variational::P0g< Math::SpatialVector< Real >, Geometry::Mesh< Context::Local > >::Pullback is not documented.
src/Rodin/Variational/P0g/P0g.h: warning: Member CallableType (typedef) of class Rodin::Variational::P0g< Math::SpatialVector< Real >, Geometry::Mesh< Context::Local > >::Pushforward is not documented.
src/Rodin/Variational/P0g/P0g.h: warning: Member CallableType (typedef) of class Rodin::Variational::P0g< Real, Geometry::Mesh< Context::Local > >::Pullback is not documented.
src/Rodin/Variational/P0g/P0g.h: warning: Member CallableType (typedef) of class Rodin::Variational::P0g< Real, Geometry::Mesh< Context::Local > >::Pushforward is not documented.
src/Rodin/Variational/P0g/P0g.h: warning: Member ComplexP0g (typedef) of namespace Rodin::Variational is not documented.
src/Rodin/Variational/P0g/P0g.h: warning: Member MeshType (typedef) of struct Rodin::FormLanguage::Traits< Variational::P0g< Math::SpatialVector< Number >, Mesh > > is not documented.
src/Rodin/Variational/P0g/P0g.h: warning: Member MeshType (typedef) of struct Rodin::FormLanguage::Traits< Variational::P0g< Number, Mesh > > is not documented.
src/Rodin/Variational/P0g/P0g.h: warning: Member P0g(const Geometry::Mesh< Context > &) -> P0g< Real, Geometry::Mesh< Context > > (function) of namespace Rodin::Variational is not documented.
src/Rodin/Variational/P0g/P0g.h: warning: Member Pullback(const Geometry::Polytope &polytope, Function &&v) (function) of class Rodin::Variational::P0g< Math::SpatialVector< Real >, Geometry::Mesh< Context::Local > >::Pullback is not documented.
src/Rodin/Variational/P0g/P0g.h: warning: Member Pullback(const Geometry::Polytope &polytope, Function &&v) (function) of class Rodin::Variational::P0g< Real, Geometry::Mesh< Context::Local > >::Pullback is not documented.
src/Rodin/Variational/P0g/P0g.h: warning: Member Pushforward(Function &&v) (function) of class Rodin::Variational::P0g< Math::SpatialVector< Real >, Geometry::Mesh< Context::Local > >::Pushforward is not documented.
src/Rodin/Variational/P0g/P0g.h: warning: Member Pushforward(Function &&v) (function) of class Rodin::Variational::P0g< Real, Geometry::Mesh< Context::Local > >::Pushforward is not documented.
src/Rodin/Variational/P0g/P0g.h: warning: Member RangeType (typedef) of struct Rodin::FormLanguage::Traits< Variational::P0g< Math::SpatialVector< Number >, Mesh > > is not documented.
src/Rodin/Variational/P0g/P0g.h: warning: Member RangeType (typedef) of struct Rodin::FormLanguage::Traits< Variational::P0g< Number, Mesh > > is not documented.
src/Rodin/Variational/P0g/P0g.h: warning: Member RealP0g (typedef) of namespace Rodin::Variational is not documented.
src/Rodin/Variational/P0g/P0g.h: warning: Member ScalarType (typedef) of struct Rodin::FormLanguage::Traits< Variational::P0g< Math::SpatialVector< Number >, Mesh > > is not documented.
src/Rodin/Variational/P0g/P0g.h: warning: Member ScalarType (typedef) of struct Rodin::FormLanguage::Traits< Variational::P0g< Number, Mesh > > is not documented.
src/Rodin/Variational/P0g/P0g.h: warning: Member VectorP0g (typedef) of namespace Rodin::Variational is not documented.
src/Rodin/Variational/P0g/P0g.h: warning: Member operator()(const Geometry::Point &p) const (function) of class Rodin::Variational::P0g< Math::SpatialVector< Real >, Geometry::Mesh< Context::Local > >::Pushforward is not documented.
src/Rodin/Variational/P0g/P0g.h: warning: Member operator()(const Geometry::Point &p) const (function) of class Rodin::Variational::P0g< Real, Geometry::Mesh< Context::Local > >::Pushforward is not documented.
src/Rodin/Variational/P0g/P0g.h: warning: Member operator()(const Math::SpatialPoint &r) const (function) of class Rodin::Variational::P0g< Math::SpatialVector< Real >, Geometry::Mesh< Context::Local > >::Pullback is not documented.
src/Rodin/Variational/P0g/P0g.h: warning: Member operator()(const Math::SpatialPoint &r) const (function) of class Rodin::Variational::P0g< Real, Geometry::Mesh< Context::Local > >::Pullback is not documented.
src/Rodin/Variational/P1/Derivative.h: warning: Compound Rodin::FormLanguage::Traits< Variational::Derivative< Variational::GridFunction< Variational::P1< Range, Mesh >, Data > > > is not documented.
src/Rodin/Variational/P1/Derivative.h: warning: Compound Rodin::FormLanguage::Traits< Variational::Derivative< Variational::ShapeFunction< NestedDerived, Variational::P1< Range, Mesh >, Space > > > is not documented.
src/Rodin/Variational/P1/Derivative.h: warning: Found non-existing group 'DerivativeSpecializations' for the command '@ingroup', ignoring command
src/Rodin/Variational/P1/Derivative.h: warning: Member SpaceType (variable) of struct Rodin::FormLanguage::Traits< Variational::Derivative< Variational::ShapeFunction< NestedDerived, Variational::P1< Range, Mesh >, Space > > > is not documented.
src/Rodin/Variational/P1/Derivative.h: warning: Member SpatialVectorType (typedef) of class Rodin::Variational::Derivative< GridFunction< P1< Range, Mesh >, Data > > is not documented.
src/Rodin/Variational/P1/Derivative.h: warning: Member copy() const noexcept override (function) of class Rodin::Variational::Derivative< GridFunction< P1< Range, Mesh >, Data > > is not documented.
src/Rodin/Variational/P1/Derivative.h: warning: Member interpolate(ScalarType &out, const Geometry::Point &p) const (function) of class Rodin::Variational::Derivative< GridFunction< P1< Range, Mesh >, Data > > is not documented.
src/Rodin/Variational/P1/Derivative.h: warning: Member interpolate(ScalarType &out, const IntegrationPoint &ip) const (function) of class Rodin::Variational::Derivative< GridFunction< P1< Range, Mesh >, Data > > is not documented.
src/Rodin/Variational/P1/Derivative.h: warning: The following parameter of Rodin::Variational::Derivative< GridFunction< P1< Range, Mesh >, Data > >::Derivative(size_t i, const OperandType &u) is not documented:
src/Rodin/Variational/P1/P1.h: warning: Compound Rodin::FormLanguage::Traits< Variational::P1< Math::SpatialVector< Scalar >, Mesh > > is not documented.
src/Rodin/Variational/P1/P1.h: warning: Compound Rodin::FormLanguage::Traits< Variational::P1< Scalar, Mesh > > is not documented.
src/Rodin/Variational/P1/P1.h: warning: Compound Rodin::Variational::P1< Math::SpatialVector< Scalar >, Geometry::Mesh< Context::Local > >::Pullback is not documented.
src/Rodin/Variational/P1/P1.h: warning: Compound Rodin::Variational::P1< Math::SpatialVector< Scalar >, Geometry::Mesh< Context::Local > >::Pushforward is not documented.
src/Rodin/Variational/P1/P1.h: warning: Member CallableType (typedef) of class Rodin::Variational::P1< Math::SpatialVector< Scalar >, Geometry::Mesh< Context::Local > >::Pullback is not documented.
src/Rodin/Variational/P1/P1.h: warning: Member CallableType (typedef) of class Rodin::Variational::P1< Math::SpatialVector< Scalar >, Geometry::Mesh< Context::Local > >::Pushforward is not documented.
src/Rodin/Variational/P1/P1.h: warning: Member CallableType (typedef) of class Rodin::Variational::P1< Scalar, Geometry::Mesh< Context::Local > >::Pullback is not documented.
src/Rodin/Variational/P1/P1.h: warning: Member CallableType (typedef) of class Rodin::Variational::P1< Scalar, Geometry::Mesh< Context::Local > >::Pushforward is not documented.
src/Rodin/Variational/P1/P1.h: warning: Member P1(P1 &&other) (function) of class Rodin::Variational::P1< Math::SpatialVector< Scalar >, Geometry::Mesh< Context::Local > > is not documented.
src/Rodin/Variational/P1/P1.h: warning: Member P1(const Geometry::Mesh< ContextType > &mesh, size_t vdim) (function) of class Rodin::Variational::P1< Math::SpatialVector< Scalar >, Geometry::Mesh< Context::Local > > is not documented.
src/Rodin/Variational/P1/P1.h: warning: Member P1(const P1 &other) (function) of class Rodin::Variational::P1< Math::SpatialVector< Scalar >, Geometry::Mesh< Context::Local > > is not documented.
src/Rodin/Variational/P1/P1.h: warning: Member Pullback(const Geometry::Polytope &polytope, Function &&v) (function) of class Rodin::Variational::P1< Math::SpatialVector< Scalar >, Geometry::Mesh< Context::Local > >::Pullback is not documented.
src/Rodin/Variational/P1/P1.h: warning: Member Pullback(const Geometry::Polytope &polytope, Function &&v) (function) of class Rodin::Variational::P1< Scalar, Geometry::Mesh< Context::Local > >::Pullback is not documented.
src/Rodin/Variational/P1/P1.h: warning: Member Pullback(const Pullback &)=default (function) of class Rodin::Variational::P1< Math::SpatialVector< Scalar >, Geometry::Mesh< Context::Local > >::Pullback is not documented.
src/Rodin/Variational/P1/P1.h: warning: Member Pullback(const Pullback &)=default (function) of class Rodin::Variational::P1< Scalar, Geometry::Mesh< Context::Local > >::Pullback is not documented.
src/Rodin/Variational/P1/P1.h: warning: Member Pushforward(const Pushforward &)=default (function) of class Rodin::Variational::P1< Math::SpatialVector< Scalar >, Geometry::Mesh< Context::Local > >::Pushforward is not documented.
src/Rodin/Variational/P1/P1.h: warning: Member Pushforward(const Pushforward &)=default (function) of class Rodin::Variational::P1< Scalar, Geometry::Mesh< Context::Local > >::Pushforward is not documented.
src/Rodin/Variational/P1/P1.h: warning: Member getFiniteElement(size_t d, Index i) const (function) of class Rodin::Variational::P1< Math::SpatialVector< Scalar >, Geometry::Mesh< Context::Local > > is not documented.
src/Rodin/Variational/P1/P1.h: warning: Member getPullback(const std::pair< size_t, Index > &idx, Callable &&v) const (function) of class Rodin::Variational::P1< Math::SpatialVector< Scalar >, Geometry::Mesh< Context::Local > > is not documented.
src/Rodin/Variational/P1/P1.h: warning: Member getPushforward(const std::pair< size_t, Index > &, Callable &&v) const (function) of class Rodin::Variational::P1< Math::SpatialVector< Scalar >, Geometry::Mesh< Context::Local > > is not documented.
src/Rodin/Variational/P1/P1.h: warning: Member operator()(const Geometry::Point &p) const (function) of class Rodin::Variational::P1< Math::SpatialVector< Scalar >, Geometry::Mesh< Context::Local > >::Pushforward is not documented.
src/Rodin/Variational/P1/P1.h: warning: Member operator()(const Geometry::Point &p) const (function) of class Rodin::Variational::P1< Scalar, Geometry::Mesh< Context::Local > >::Pushforward is not documented.
src/Rodin/Variational/P1/P1.h: warning: Member operator()(const Math::SpatialPoint &r) const (function) of class Rodin::Variational::P1< Math::SpatialVector< Scalar >, Geometry::Mesh< Context::Local > >::Pullback is not documented.
src/Rodin/Variational/P1/P1.h: warning: Member operator()(const Math::SpatialVector< Real > &r) const (function) of class Rodin::Variational::P1< Scalar, Geometry::Mesh< Context::Local > >::Pullback is not documented.
src/Rodin/Variational/P1/P1.h: warning: Member operator=(P1 &&other) (function) of class Rodin::Variational::P1< Math::SpatialVector< Scalar >, Geometry::Mesh< Context::Local > > is not documented.
src/Rodin/Variational/P1/P1.h: warning: Member operator=(const P1 &other) (function) of class Rodin::Variational::P1< Math::SpatialVector< Scalar >, Geometry::Mesh< Context::Local > > is not documented.
src/Rodin/Variational/P1/P1Element.hpp: warning: no uniquely matching class member found for 
src/Rodin/Variational/PeriodicBC.h: warning: Member DOFs (typedef) of class Rodin::Variational::PeriodicBC< TrialFunction< Solution, FES >, IndexMap< IndexSet > > is not documented.
src/Rodin/Variational/PeriodicBC.h: warning: Member DOFs (typedef) of class Rodin::Variational::PeriodicBCBase is not documented.
src/Rodin/Variational/PeriodicBC.h: warning: Member DOFs (typedef) of class Rodin::Variational::PeriodicBCBase< FormLanguage::Traits< FES >::ScalarType > is not documented.
src/Rodin/Variational/PeriodicBC.h: warning: Member PeriodicBC(const OperandType &u, IndexMap< IndexSet > &&adjacency) (function) of class Rodin::Variational::PeriodicBC< TrialFunction< Solution, FES >, IndexMap< IndexSet > > is not documented.
src/Rodin/Variational/PeriodicBC.h: warning: Member PeriodicBC(const OperandType &u, const IndexMap< IndexSet > &adjacency) (function) of class Rodin::Variational::PeriodicBC< TrialFunction< Solution, FES >, IndexMap< IndexSet > > is not documented.
src/Rodin/Variational/PeriodicBC.h: warning: Member getAdjacency() const (function) of class Rodin::Variational::PeriodicBC< TrialFunction< Solution, FES >, IndexMap< IndexSet > > is not documented.
src/Rodin/Variational/Potential.h: warning: Compound Rodin::Variational::Integral< Dot< Potential< Kernel, ShapeFunctionBase< LHSDerived, TrialFES, TrialSpace > >, ShapeFunctionBase< RHSDerived, TestFES, TestSpace > > > is not documented.
src/Rodin/Variational/Potential.h: warning: Compound Rodin::Variational::Potential< LHS, FunctionBase< RHSDerived > > is not documented.
src/Rodin/Variational/Potential.h: warning: Found non-existing group 'TraitsSpecializations' for the command '@ingroup', ignoring command
src/Rodin/Variational/Potential.h: warning: Member Integral(Integral &&other) (function) of class Rodin::Variational::Integral< Dot< Potential< Kernel, ShapeFunctionBase< LHSDerived, TrialFES, TrialSpace > >, ShapeFunctionBase< RHSDerived, TestFES, TestSpace > > > is not documented.
src/Rodin/Variational/Potential.h: warning: Member Integral(const Dot< Potential< KernelType, ShapeFunctionBase< LHSDerived, TrialFES, TrialSpace > >, ShapeFunctionBase< RHSDerived, TestFES, TestSpace > > &) -> Integral< Dot< Potential< KernelType, ShapeFunctionBase< LHSDerived, TrialFES, TrialSpace > >, ShapeFunctionBase< RHSDerived, TestFES, TestSpace > > > (function) of namespace Rodin::Variational is not documented.
src/Rodin/Variational/Potential.h: warning: Member Integral(const Integral &other) (function) of class Rodin::Variational::Integral< Dot< Potential< Kernel, ShapeFunctionBase< LHSDerived, TrialFES, TrialSpace > >, ShapeFunctionBase< RHSDerived, TestFES, TestSpace > > > is not documented.
src/Rodin/Variational/Potential.h: warning: Member Integral(const IntegrandType &integrand) (function) of class Rodin::Variational::Integral< Dot< Potential< Kernel, ShapeFunctionBase< LHSDerived, TrialFES, TrialSpace > >, ShapeFunctionBase< RHSDerived, TestFES, TestSpace > > > is not documented.
src/Rodin/Variational/Potential.h: warning: Member Integral(const LHSType &lhs, const RHSType &rhs) (function) of class Rodin::Variational::Integral< Dot< Potential< Kernel, ShapeFunctionBase< LHSDerived, TrialFES, TrialSpace > >, ShapeFunctionBase< RHSDerived, TestFES, TestSpace > > > is not documented.
src/Rodin/Variational/Potential.h: warning: Member Integral(const Potential< KernelType, ShapeFunctionBase< LHSDerived, TrialFES, TrialSpace > > &, const ShapeFunctionBase< RHSDerived, TestFES, TestSpace > &) -> Integral< Dot< Potential< KernelType, ShapeFunctionBase< LHSDerived, TrialFES, TrialSpace > >, ShapeFunctionBase< RHSDerived, TestFES, TestSpace > > > (function) of namespace Rodin::Variational is not documented.
src/Rodin/Variational/Potential.h: warning: Member KernelType (typedef) of class Rodin::Variational::Integral< Dot< Potential< Kernel, ShapeFunctionBase< LHSDerived, TrialFES, TrialSpace > >, ShapeFunctionBase< RHSDerived, TestFES, TestSpace > > > is not documented.
src/Rodin/Variational/Potential.h: warning: Member KernelType (typedef) of class Rodin::Variational::Potential< LHS, FunctionBase< RHSDerived > > is not documented.
src/Rodin/Variational/Potential.h: warning: Member KernelType (typedef) of class Rodin::Variational::Potential< LHS, ShapeFunctionBase< ShapeFunction< RHSDerived, FES, SpaceType >, FES, SpaceType > > is not documented.
src/Rodin/Variational/Potential.h: warning: Member KernelType (typedef) of struct Rodin::FormLanguage::Traits< Variational::Potential< LHS, Variational::FunctionBase< RHSDerived > > > is not documented.
src/Rodin/Variational/Potential.h: warning: Member KernelType (typedef) of struct Rodin::FormLanguage::Traits< Variational::Potential< LHS, Variational::ShapeFunctionBase< Variational::ShapeFunction< RHSDerived, FES, Space > > > > is not documented.
src/Rodin/Variational/Potential.h: warning: Member Potential(Potential &&other) (function) of class Rodin::Variational::Potential< LHS, FunctionBase< RHSDerived > > is not documented.
src/Rodin/Variational/Potential.h: warning: Member Potential(Potential &&other) (function) of class Rodin::Variational::Potential< LHS, ShapeFunctionBase< ShapeFunction< RHSDerived, FES, SpaceType >, FES, SpaceType > > is not documented.
src/Rodin/Variational/Potential.h: warning: Member Potential(const KernelType &kernel, const OperandType &u) (function) of class Rodin::Variational::Potential< LHS, FunctionBase< RHSDerived > > is not documented.
src/Rodin/Variational/Potential.h: warning: Member Potential(const KernelType &kernel, const OperandType &u) (function) of class Rodin::Variational::Potential< LHS, ShapeFunctionBase< ShapeFunction< RHSDerived, FES, SpaceType >, FES, SpaceType > > is not documented.
src/Rodin/Variational/Potential.h: warning: Member Potential(const Potential &other) (function) of class Rodin::Variational::Potential< LHS, FunctionBase< RHSDerived > > is not documented.
src/Rodin/Variational/Potential.h: warning: Member Potential(const Potential &other) (function) of class Rodin::Variational::Potential< LHS, ShapeFunctionBase< ShapeFunction< RHSDerived, FES, SpaceType >, FES, SpaceType > > is not documented.
src/Rodin/Variational/Potential.h: warning: Member Space (variable) of class Rodin::Variational::Potential< LHS, ShapeFunctionBase< ShapeFunction< RHSDerived, FES, SpaceType >, FES, SpaceType > > is not documented.
src/Rodin/Variational/Potential.h: warning: Member SpaceType (variable) of struct Rodin::FormLanguage::Traits< Variational::Potential< LHS, Variational::ShapeFunctionBase< Variational::ShapeFunction< RHSDerived, FES, Space > > > > is not documented.
src/Rodin/Variational/Potential.h: warning: Member copy() const noexcept override (function) of class Rodin::Variational::Integral< Dot< Potential< Kernel, ShapeFunctionBase< LHSDerived, TrialFES, TrialSpace > >, ShapeFunctionBase< RHSDerived, TestFES, TestSpace > > > is not documented.
src/Rodin/Variational/Potential.h: warning: Member getKernel() const (function) of class Rodin::Variational::Potential< LHS, FunctionBase< RHSDerived > > is not documented.
src/Rodin/Variational/Potential.h: warning: Member getKernel() const (function) of class Rodin::Variational::Potential< LHS, ShapeFunctionBase< ShapeFunction< RHSDerived, FES, SpaceType >, FES, SpaceType > > is not documented.
src/Rodin/Variational/Potential.h: warning: Member getOperand() const (function) of class Rodin::Variational::Potential< LHS, FunctionBase< RHSDerived > > is not documented.
src/Rodin/Variational/Potential.h: warning: Member getOperand() const (function) of class Rodin::Variational::Potential< LHS, ShapeFunctionBase< ShapeFunction< RHSDerived, FES, SpaceType >, FES, SpaceType > > is not documented.
src/Rodin/Variational/Potential.h: warning: Member getQuadratureFormula() const (function) of class Rodin::Variational::Potential< LHS, FunctionBase< RHSDerived > > is not documented.
src/Rodin/Variational/Potential.h: warning: Member getRegion() const (function) of class Rodin::Variational::Potential< LHS, ShapeFunctionBase< ShapeFunction< RHSDerived, FES, SpaceType >, FES, SpaceType > > is not documented.
src/Rodin/Variational/Potential.h: warning: Member getTestRegion() const override (function) of class Rodin::Variational::Integral< Dot< Potential< Kernel, ShapeFunctionBase< LHSDerived, TrialFES, TrialSpace > >, ShapeFunctionBase< RHSDerived, TestFES, TestSpace > > > is not documented.
src/Rodin/Variational/Potential.h: warning: Member getValue(const Geometry::Point &p) const (function) of class Rodin::Variational::Potential< LHS, FunctionBase< RHSDerived > > is not documented.
src/Rodin/Variational/Problem.h: warning: Compound Rodin::Variational::Problem< LinearSystem, U1, U2, U3, Us... > is not documented.
src/Rodin/Variational/Problem.h: warning: Member Problem(Problem &&other) noexcept (function) of class Rodin::Variational::Problem< LinearSystem, U1, U2, U3, Us... > is not documented.
src/Rodin/Variational/Problem.h: warning: Member Problem(U1 &u1, U2 &u2, U3 &u3, Us &... us) (function) of class Rodin::Variational::Problem< LinearSystem, U1, U2, U3, Us... > is not documented.
src/Rodin/Variational/Problem.h: warning: Member Problem(U1 &u1, U2 &u2, U3 &u3, Us &... us) -> Problem< Math::LinearSystem< Math::SparseMatrix< typename FormLanguage::Mult< typename FormLanguage::Traits< typename FormLanguage::Traits< U1 >::FESType >::ScalarType, typename FormLanguage::Traits< typename FormLanguage::Traits< U2 >::FESType >::ScalarType >::Type >, Math::Vector< typename FormLanguage::Traits< typename FormLanguage::Traits< U2 >::FESType >::ScalarType > >, U1, U2, U3, Us... > (function) of namespace Rodin::Variational is not documented.
src/Rodin/Variational/Problem.h: warning: Member Problem(const Problem &other) (function) of class Rodin::Variational::Problem< LinearSystem, U1, U2, U3, Us... > is not documented.
src/Rodin/Variational/Problem.h: warning: Member ProblemBodyType (typedef) of class Rodin::Variational::Problem< LinearSystem, U1, U2, U3, Us... > is not documented.
src/Rodin/Variational/Problem.h: warning: Member ProblemBodyType (typedef) of class Rodin::Variational::ProblemUVBase is not documented.
src/Rodin/Variational/Problem.h: warning: Member ProblemBodyType (typedef) of class Rodin::Variational::ProblemUVBase< LinearSystem, TrialFunction, TestFunction > is not documented.
src/Rodin/Variational/Problem.h: warning: Member ProblemBodyType (typedef) of class Rodin::Variational::ProblemUVBase< PETSc::Math::LinearSystem, U, V > is not documented.
src/Rodin/Variational/Problem.h: warning: Member SolverBaseType (typedef) of class Rodin::Variational::ProblemUVBase is not documented.
src/Rodin/Variational/Problem.h: warning: Member SolverBaseType (typedef) of class Rodin::Variational::ProblemUVBase< LinearSystem, TrialFunction, TestFunction > is not documented.
src/Rodin/Variational/Problem.h: warning: Member SolverBaseType (typedef) of class Rodin::Variational::ProblemUVBase< PETSc::Math::LinearSystem, U, V > is not documented.
src/Rodin/Variational/Problem.h: warning: Member TestFESScalarType (typedef) of class Rodin::Variational::ProblemUVBase is not documented.
src/Rodin/Variational/Problem.h: warning: Member TestFESScalarType (typedef) of class Rodin::Variational::ProblemUVBase< LinearSystem, TrialFunction, TestFunction > is not documented.
src/Rodin/Variational/Problem.h: warning: Member TestFESScalarType (typedef) of class Rodin::Variational::ProblemUVBase< PETSc::Math::LinearSystem, U, V > is not documented.
src/Rodin/Variational/Problem.h: warning: Member TestFESType (typedef) of class Rodin::Variational::ProblemUVBase is not documented.
src/Rodin/Variational/Problem.h: warning: Member TestFESType (typedef) of class Rodin::Variational::ProblemUVBase< LinearSystem, TrialFunction, TestFunction > is not documented.
src/Rodin/Variational/Problem.h: warning: Member TestFESType (typedef) of class Rodin::Variational::ProblemUVBase< PETSc::Math::LinearSystem, U, V > is not documented.
src/Rodin/Variational/Problem.h: warning: Member TestFunctionType (typedef) of class Rodin::Variational::ProblemUVBase is not documented.
src/Rodin/Variational/Problem.h: warning: Member TestFunctionType (typedef) of class Rodin::Variational::ProblemUVBase< LinearSystem, TrialFunction, TestFunction > is not documented.
src/Rodin/Variational/Problem.h: warning: Member TestFunctionType (typedef) of class Rodin::Variational::ProblemUVBase< PETSc::Math::LinearSystem, U, V > is not documented.
src/Rodin/Variational/Problem.h: warning: Member TrialFESScalarType (typedef) of class Rodin::Variational::ProblemUVBase is not documented.
src/Rodin/Variational/Problem.h: warning: Member TrialFESScalarType (typedef) of class Rodin::Variational::ProblemUVBase< LinearSystem, TrialFunction, TestFunction > is not documented.
src/Rodin/Variational/Problem.h: warning: Member TrialFESScalarType (typedef) of class Rodin::Variational::ProblemUVBase< PETSc::Math::LinearSystem, U, V > is not documented.
src/Rodin/Variational/Problem.h: warning: Member TrialFESType (typedef) of class Rodin::Variational::ProblemUVBase is not documented.
src/Rodin/Variational/Problem.h: warning: Member TrialFESType (typedef) of class Rodin::Variational::ProblemUVBase< LinearSystem, TrialFunction, TestFunction > is not documented.
src/Rodin/Variational/Problem.h: warning: Member TrialFESType (typedef) of class Rodin::Variational::ProblemUVBase< PETSc::Math::LinearSystem, U, V > is not documented.
src/Rodin/Variational/Problem.h: warning: Member TrialFunctionType (typedef) of class Rodin::Variational::ProblemUVBase is not documented.
src/Rodin/Variational/Problem.h: warning: Member TrialFunctionType (typedef) of class Rodin::Variational::ProblemUVBase< LinearSystem, TrialFunction, TestFunction > is not documented.
src/Rodin/Variational/Problem.h: warning: Member TrialFunctionType (typedef) of class Rodin::Variational::ProblemUVBase< PETSc::Math::LinearSystem, U, V > is not documented.
src/Rodin/Variational/Problem.h: warning: Member getTestOffsets() const (function) of class Rodin::Variational::ProblemUsBase is not documented.
src/Rodin/Variational/Problem.h: warning: Member getTestOffsets() const (function) of class Rodin::Variational::ProblemUsBase< LinearSystem, U1, U2, U3, Us... > is not documented.
src/Rodin/Variational/Problem.h: warning: Member getTrialOffsets() const (function) of class Rodin::Variational::ProblemUsBase is not documented.
src/Rodin/Variational/Problem.h: warning: Member getTrialOffsets() const (function) of class Rodin::Variational::ProblemUsBase< LinearSystem, U1, U2, U3, Us... > is not documented.
src/Rodin/Variational/Problem.h: warning: Member operator=(Problem &&other) noexcept (function) of class Rodin::Variational::Problem< LinearSystem, U1, U2, U3, Us... > is not documented.
src/Rodin/Variational/Problem.h: warning: Member operator=(const Problem &other) (function) of class Rodin::Variational::Problem< LinearSystem, U1, U2, U3, Us... > is not documented.
src/Rodin/Variational/QuadratureRule.h: warning: Member IntegrandRangeType (typedef) of class Rodin::Variational::QuadratureRule< FunctionBase< FunctionDerived > > is not documented.
src/Rodin/Variational/Re.h: warning: Member getOrder(const Geometry::Polytope &polytope) const noexcept (function) of class Rodin::Variational::Re< FunctionBase< NestedDerived > > is not documented.
src/Rodin/Variational/ScalarFunction.h: warning: Compound Rodin::FormLanguage::Traits< Variational::ScalarFunctionBase< Scalar, Derived > > is not documented.
src/Rodin/Variational/ScalarFunction.h: warning: Member DerivedType (typedef) of struct Rodin::FormLanguage::Traits< Variational::ScalarFunctionBase< Scalar, Derived > > is not documented.
src/Rodin/Variational/ScalarFunction.h: warning: Member getOrder(const Geometry::Polytope &poly) const noexcept (function) of class Rodin::Variational::ScalarFunctionBase is not documented.
src/Rodin/Variational/ScalarFunction.h: warning: Member getOrder(const Geometry::Polytope &poly) const noexcept (function) of class Rodin::Variational::ScalarFunctionBase< Complex, ComplexFunctionBase< Derived > > is not documented.
src/Rodin/Variational/ScalarFunction.h: warning: Member getOrder(const Geometry::Polytope &poly) const noexcept (function) of class Rodin::Variational::ScalarFunctionBase< FormLanguage::Traits< FES >::ScalarType, DivBase< GridFunction< FES, Data >, Derived > > is not documented.
src/Rodin/Variational/ScalarFunction.h: warning: Member getOrder(const Geometry::Polytope &poly) const noexcept (function) of class Rodin::Variational::ScalarFunctionBase< Real, RealFunctionBase< Derived > > is not documented.
src/Rodin/Variational/ScalarFunction.h: warning: Member getOrder(const Geometry::Polytope &poly) const noexcept (function) of class Rodin::Variational::ScalarFunctionBase< Real, RealFunctionBase< Frobenius< FunctionBase< NestedDerived > > > > is not documented.
src/Rodin/Variational/ScalarFunction.h: warning: Member getOrder(const Geometry::Polytope &poly) const noexcept (function) of class Rodin::Variational::ScalarFunctionBase< Scalar, Zero< Scalar > > is not documented.
src/Rodin/Variational/ScalarFunction.h: warning: Member getValue(const IntegrationPoint &ip) const (function) of class Rodin::Variational::ScalarFunctionBase is not documented.
src/Rodin/Variational/ScalarFunction.h: warning: Member getValue(const IntegrationPoint &ip) const (function) of class Rodin::Variational::ScalarFunctionBase< Scalar, Zero< Scalar > > is not documented.
src/Rodin/Variational/ShapeFunction.h: warning: Compound Rodin::FormLanguage::Traits< Variational::ShapeFunction< Derived, FES, Space > > is not documented.
src/Rodin/Variational/ShapeFunction.h: warning: Compound Rodin::FormLanguage::Traits< Variational::ShapeFunctionBase< Derived, FES, Space > > is not documented.
src/Rodin/Variational/ShapeFunction.h: warning: Member DerivedType (typedef) of struct Rodin::FormLanguage::Traits< Variational::ShapeFunction< Derived, FES, Space > > is not documented.
src/Rodin/Variational/ShapeFunction.h: warning: Member DerivedType (typedef) of struct Rodin::FormLanguage::Traits< Variational::ShapeFunctionBase< Derived, FES, Space > > is not documented.
src/Rodin/Variational/ShapeFunction.h: warning: Member SpaceType (variable) of struct Rodin::FormLanguage::Traits< Variational::ShapeFunction< Derived, FES, Space > > is not documented.
src/Rodin/Variational/ShapeFunction.h: warning: Member SpaceType (variable) of struct Rodin::FormLanguage::Traits< Variational::ShapeFunctionBase< Derived, FES, Space > > is not documented.
src/Rodin/Variational/ShapeFunction.h: warning: Member Value (variable) of struct Rodin::Variational::IsTestFunction< TestFunction< FES > > is not documented.
src/Rodin/Variational/ShapeFunction.h: warning: Member Value (variable) of struct Rodin::Variational::IsTrialFunction< TrialFunction< Solution, FES > > is not documented.
src/Rodin/Variational/ShapeFunction.h: warning: Member setPoint(const Geometry::Point &p) (function) of class Rodin::Variational::ShapeFunctionBase is not documented.
src/Rodin/Variational/Sinh.h: warning: Member Sinh(const FunctionBase< NestedDerived > &) -> Sinh< FunctionBase< NestedDerived > > (function) of namespace Rodin::Variational is not documented.
src/Rodin/Variational/Sinh.h: warning: Member getOrder(const Geometry::Polytope &g) const (function) of class Rodin::Variational::Sinh< FunctionBase< NestedDerived > > is not documented.
src/Rodin/Variational/SparseProblem.h: warning: Member SparseProblem(U &u, V &v) -> SparseProblem< Math::LinearSystem< Math::SparseMatrix< typename FormLanguage::Mult< typename FormLanguage::Traits< typename FormLanguage::Traits< U >::FESType >::ScalarType, typename FormLanguage::Traits< typename FormLanguage::Traits< V >::FESType >::ScalarType >::Type >, Math::Vector< typename FormLanguage::Traits< typename FormLanguage::Traits< V >::FESType >::ScalarType > >, U, V > (function) of namespace Rodin::Variational is not documented.
src/Rodin/Variational/TestFunction.h: warning: Compound Rodin::FormLanguage::Traits< Variational::TestFunction< FES > > is not documented.
src/Rodin/Variational/TestFunction.h: warning: Member SpaceType (variable) of struct Rodin::FormLanguage::Traits< Variational::TestFunction< FES > > is not documented.
src/Rodin/Variational/Traits.h: warning: Compound Rodin::FormLanguage::RangeOf< Math::SpatialMatrix< Scalar > > is not documented.
src/Rodin/Variational/Traits.h: warning: Compound Rodin::FormLanguage::RangeOf< Math::SpatialVector< Scalar > > is not documented.
src/Rodin/Variational/Traits.h: warning: Member Type (typedef) of struct Rodin::FormLanguage::RangeOf is not documented.
src/Rodin/Variational/Traits.h: warning: Member Type (typedef) of struct Rodin::FormLanguage::RangeOf< Boolean > is not documented.
src/Rodin/Variational/Traits.h: warning: Member Type (typedef) of struct Rodin::FormLanguage::RangeOf< Complex > is not documented.
src/Rodin/Variational/Traits.h: warning: Member Type (typedef) of struct Rodin::FormLanguage::RangeOf< Eigen::Matrix< Scalar, Rows, 1, Options, MaxRows, MaxCols > > is not documented.
src/Rodin/Variational/Traits.h: warning: Member Type (typedef) of struct Rodin::FormLanguage::RangeOf< Eigen::Matrix< Scalar, Rows, Cols, Options, MaxRows, MaxCols > > is not documented.
src/Rodin/Variational/Traits.h: warning: Member Type (typedef) of struct Rodin::FormLanguage::RangeOf< Integer > is not documented.
src/Rodin/Variational/Traits.h: warning: Member Type (typedef) of struct Rodin::FormLanguage::RangeOf< Math::SpatialMatrix< Scalar > > is not documented.
src/Rodin/Variational/Traits.h: warning: Member Type (typedef) of struct Rodin::FormLanguage::RangeOf< Math::SpatialVector< Scalar > > is not documented.
src/Rodin/Variational/Traits.h: warning: Member Type (typedef) of struct Rodin::FormLanguage::RangeOf< Real > is not documented.
src/Rodin/Variational/Traits.h: warning: Member Type (typedef) of struct Rodin::FormLanguage::RangeOf< Variational::FunctionBase< Derived > > is not documented.
src/Rodin/Variational/Traits.h: warning: Member Type (typedef) of struct Rodin::FormLanguage::RangeOf< Variational::ShapeFunctionBase< Derived, FES, Space > > is not documented.
src/Rodin/Variational/Traits.h: warning: Member Type (typedef) of struct Rodin::FormLanguage::ResultOf< Variational::FunctionBase< Derived > > is not documented.
src/Rodin/Variational/Traits.h: warning: Member Type (typedef) of struct Rodin::FormLanguage::ResultOf< Variational::ShapeFunctionBase< Derived, FES, Space > > is not documented.
src/Rodin/Variational/TrialFunction.h: warning: Compound Rodin::FormLanguage::Traits< Variational::TrialFunction< Solution, FES > > is not documented.
src/Rodin/Variational/TrialFunction.h: warning: Member SpaceType (variable) of struct Rodin::FormLanguage::Traits< Variational::TrialFunction< Solution, FES > > is not documented.
src/Rodin/Variational/TrialFunction.h: warning: Member getIntegrationPoint() const (function) of class Rodin::Variational::TrialFunctionReference is not documented.
src/Rodin/Variational/TrialFunction.h: warning: Member getName() const override (function) of class Rodin::Variational::TrialFunction is not documented.
src/Rodin/Variational/TrialFunction.h: warning: Member getName() const override (function) of class Rodin::Variational::TrialFunctionReference is not documented.
src/Rodin/Variational/TrialFunction.h: warning: Member setName(const std::string &name) (function) of class Rodin::Variational::TrialFunction is not documented.
src/Rodin/Variational/TrialFunction.h: warning: Member setName(const std::string &name) (function) of class Rodin::Variational::TrialFunctionReference is not documented.
src/Rodin/Variational/Zero.h: warning: Member getOrder(const Geometry::Polytope &geom) const noexcept (function) of class Rodin::Variational::Zero< Scalar > is not documented.
warning: Include graph for 'Variational.h' not generated, too many nodes (71), threshold is 50. Consider increasing DOT_GRAPH_MAX_NODES.
warning: Included by graph for 'ForwardDecls.h' not generated, too many nodes (103), threshold is 50. Consider increasing DOT_GRAPH_MAX_NODES.
warning: Included by graph for 'Types.h' not generated, too many nodes (84), threshold is 50. Consider increasing DOT_GRAPH_MAX_NODES.
warning: Included by graph for 'Vector.h' not generated, too many nodes (52), threshold is 50. Consider increasing DOT_GRAPH_MAX_NODES.
warning: Inheritance graph for 'Rodin::FormLanguage::Base' not generated, too many nodes (78), threshold is 50. Consider increasing DOT_GRAPH_MAX_NODES.
